Archive member included to satisfy reference by file (symbol)

c:/users/eliot/desktop/ba6/eclipse/eclipse_e-puck2/tools/gcc-arm-none-eabi-7-2017-q4-major-win32/bin/../lib/gcc/arm-none-eabi/7.2.1/thumb/v7e-m/fpv4-sp/hard\libgcc.a(_arm_addsubdf3.o)
                              build/obj/chprintf.o (__aeabi_dsub)
c:/users/eliot/desktop/ba6/eclipse/eclipse_e-puck2/tools/gcc-arm-none-eabi-7-2017-q4-major-win32/bin/../lib/gcc/arm-none-eabi/7.2.1/thumb/v7e-m/fpv4-sp/hard\libgcc.a(_arm_muldivdf3.o)
                              build/obj/chprintf.o (__aeabi_dmul)
c:/users/eliot/desktop/ba6/eclipse/eclipse_e-puck2/tools/gcc-arm-none-eabi-7-2017-q4-major-win32/bin/../lib/gcc/arm-none-eabi/7.2.1/thumb/v7e-m/fpv4-sp/hard\libgcc.a(_arm_fixdfsi.o)
                              build/obj/chprintf.o (__aeabi_d2iz)
c:/users/eliot/desktop/ba6/eclipse/eclipse_e-puck2/tools/gcc-arm-none-eabi-7-2017-q4-major-win32/bin/../lib/gcc/arm-none-eabi/7.2.1/thumb/v7e-m/fpv4-sp/hard\libgcc.a(_arm_truncdfsf2.o)
                              build/obj/chprintf.o (__aeabi_d2f)
c:/users/eliot/desktop/ba6/eclipse/eclipse_e-puck2/tools/gcc-arm-none-eabi-7-2017-q4-major-win32/bin/../lib/gcc/arm-none-eabi/7.2.1/../../../../arm-none-eabi/lib/thumb/v7e-m/fpv4-sp/hard\libg.a(lib_a-abs.o)
                              build/obj/main.o (abs)
c:/users/eliot/desktop/ba6/eclipse/eclipse_e-puck2/tools/gcc-arm-none-eabi-7-2017-q4-major-win32/bin/../lib/gcc/arm-none-eabi/7.2.1/../../../../arm-none-eabi/lib/thumb/v7e-m/fpv4-sp/hard\libg.a(lib_a-memcpy.o)
                              build/obj/messagebus.o (memcpy)
c:/users/eliot/desktop/ba6/eclipse/eclipse_e-puck2/tools/gcc-arm-none-eabi-7-2017-q4-major-win32/bin/../lib/gcc/arm-none-eabi/7.2.1/../../../../arm-none-eabi/lib/thumb/v7e-m/fpv4-sp/hard\libg.a(lib_a-memset.o)
                              build/obj/messagebus.o (memset)
c:/users/eliot/desktop/ba6/eclipse/eclipse_e-puck2/tools/gcc-arm-none-eabi-7-2017-q4-major-win32/bin/../lib/gcc/arm-none-eabi/7.2.1/../../../../arm-none-eabi/lib/thumb/v7e-m/fpv4-sp/hard\libg.a(lib_a-strcmp.o)
                              build/obj/messagebus.o (strcmp)
c:/users/eliot/desktop/ba6/eclipse/eclipse_e-puck2/tools/gcc-arm-none-eabi-7-2017-q4-major-win32/bin/../lib/gcc/arm-none-eabi/7.2.1/../../../../arm-none-eabi/lib/thumb/v7e-m/fpv4-sp/hard\libg.a(lib_a-strncpy.o)
                              build/obj/messagebus.o (strncpy)

Discarded input sections

 .data          0x00000000        0x0 build/obj/crt0_v7m.o
 .bss           0x00000000        0x0 build/obj/crt0_v7m.o
 .data          0x00000000        0x0 build/obj/chcoreasm_v7m.o
 .bss           0x00000000        0x0 build/obj/chcoreasm_v7m.o
 .text          0x00000000        0x0 build/obj/crt1.o
 .data          0x00000000        0x0 build/obj/crt1.o
 .bss           0x00000000        0x0 build/obj/crt1.o
 .text.__early_init
                0x00000000        0x4 build/obj/crt1.o
 .text          0x00000000        0x0 build/obj/vectors.o
 .data          0x00000000        0x0 build/obj/vectors.o
 .bss           0x00000000        0x0 build/obj/vectors.o
 .text          0x00000000        0x0 build/obj/chsys.o
 .data          0x00000000        0x0 build/obj/chsys.o
 .bss           0x00000000        0x0 build/obj/chsys.o
 .text.chSysIntegrityCheckI
                0x00000000       0xb0 build/obj/chsys.o
 .text.chSysGetStatusAndLockX
                0x00000000       0x38 build/obj/chsys.o
 .text.chSysRestoreStatusX
                0x00000000       0x54 build/obj/chsys.o
 .text.chSysIsCounterWithinX
                0x00000000       0x10 build/obj/chsys.o
 .rodata.__func__.7153
                0x00000000        0xc build/obj/chsys.o
 .text          0x00000000        0x0 build/obj/chdebug.o
 .data          0x00000000        0x0 build/obj/chdebug.o
 .bss           0x00000000        0x0 build/obj/chdebug.o
 .text._dbg_check_disable
                0x00000000       0x1c build/obj/chdebug.o
 .text._dbg_check_suspend
                0x00000000       0x1c build/obj/chdebug.o
 .rodata._dbg_check_disable.str1.4
                0x00000000        0x5 build/obj/chdebug.o
 .rodata._dbg_check_suspend.str1.4
                0x00000000        0x5 build/obj/chdebug.o
 .text          0x00000000        0x0 build/obj/chvt.o
 .data          0x00000000        0x0 build/obj/chvt.o
 .bss           0x00000000        0x0 build/obj/chvt.o
 .text          0x00000000        0x0 build/obj/chschd.o
 .data          0x00000000        0x0 build/obj/chschd.o
 .bss           0x00000000        0x0 build/obj/chschd.o
 .text          0x00000000        0x0 build/obj/chthreads.o
 .data          0x00000000        0x0 build/obj/chthreads.o
 .bss           0x00000000        0x0 build/obj/chthreads.o
 .text.chThdStart
                0x00000000       0x68 build/obj/chthreads.o
 .text.chThdSetPriority
                0x00000000       0x74 build/obj/chthreads.o
 .text.chThdTerminate
                0x00000000       0x58 build/obj/chthreads.o
 .text.chThdSleepUntil
[...]
Memory Configuration

Name             Origin             Length             Attributes
flash            0x08000000         0x00100000
ram0             0x20000000         0x00020000
ram1             0x20000000         0x0001c000
ram2             0x2001c000         0x00004000
ram3             0x00000000         0x00000000
ram4             0x10000000         0x00010000
ram5             0x40024000         0x00001000
ram6             0x00000000         0x00000000
ram7             0x00000000         0x00000000
*default*        0x00000000         0xffffffff

Linker script and memory map

LOAD build/obj/crt0_v7m.o
LOAD build/obj/chcoreasm_v7m.o
LOAD build/obj/crt1.o
LOAD build/obj/vectors.o
LOAD build/obj/chsys.o
LOAD build/obj/chdebug.o
LOAD build/obj/chvt.o
LOAD build/obj/chschd.o
LOAD build/obj/chthreads.o
LOAD build/obj/chtm.o
LOAD build/obj/chstats.o
LOAD build/obj/chdynamic.o
LOAD build/obj/chregistry.o
LOAD build/obj/chsem.o
LOAD build/obj/chmtx.o
LOAD build/obj/chcond.o
LOAD build/obj/chevents.o
LOAD build/obj/chmsg.o
LOAD build/obj/chmboxes.o
LOAD build/obj/chqueues.o
LOAD build/obj/chmemcore.o
LOAD build/obj/chheap.o
LOAD build/obj/chmempools.o
LOAD build/obj/chcore.o
LOAD build/obj/chcore_v7m.o
LOAD build/obj/osal.o
LOAD build/obj/hal.o
LOAD build/obj/hal_queues.o
LOAD build/obj/hal_mmcsd.o
LOAD build/obj/adc.o
LOAD build/obj/can.o
LOAD build/obj/dac.o
LOAD build/obj/ext.o
LOAD build/obj/gpt.o
LOAD build/obj/i2c.o
LOAD build/obj/i2s.o
LOAD build/obj/icu.o
LOAD build/obj/mac.o
LOAD build/obj/mmc_spi.o
LOAD build/obj/pal.o
LOAD build/obj/pwm.o
LOAD build/obj/rtc.o
LOAD build/obj/sdc.o
LOAD build/obj/serial.o
LOAD build/obj/serial_usb.o
LOAD build/obj/spi.o
LOAD build/obj/st.o
LOAD build/obj/uart.o
LOAD build/obj/usb.o
LOAD build/obj/nvic.o
LOAD build/obj/stm32_dma.o
LOAD build/obj/hal_lld.o
LOAD build/obj/adc_lld.o
LOAD build/obj/ext_lld_isr.o
LOAD build/obj/can_lld.o
LOAD build/obj/ext_lld.o
LOAD build/obj/mac_lld.o
LOAD build/obj/sdc_lld.o
LOAD build/obj/dac_lld.o
LOAD build/obj/pal_lld.o
LOAD build/obj/i2c_lld.o
LOAD build/obj/usb_lld.o
LOAD build/obj/rtc_lld.o
LOAD build/obj/i2s_lld.o
LOAD build/obj/spi_lld.o
LOAD build/obj/gpt_lld.o
LOAD build/obj/icu_lld.o
LOAD build/obj/pwm_lld.o
LOAD build/obj/st_lld.o
LOAD build/obj/serial_lld.o
LOAD build/obj/uart_lld.o
LOAD build/obj/board.o
LOAD build/obj/chprintf.o
LOAD build/obj/messagebus.o
LOAD build/obj/port.o
LOAD build/obj/i2c_bus.o
LOAD build/obj/main.o
LOAD build/obj/mpu9250.o
LOAD build/obj/imu.o
LOAD c:/users/eliot/desktop/ba6/eclipse/eclipse_e-puck2/tools/gcc-arm-none-eabi-7-2017-q4-major-win32/bin/../lib/gcc/arm-none-eabi/7.2.1/../../../../arm-none-eabi/lib/thumb/v7e-m/fpv4-sp/hard\libm.a
                0x20000000                __ram0_start__ = ORIGIN (ram0)
                0x00020000                __ram0_size__ = LENGTH (ram0)
                0x20020000                __ram0_end__ = (__ram0_start__ + __ram0_size__)
                0x20000000                __ram1_start__ = ORIGIN (ram1)
                0x0001c000                __ram1_size__ = LENGTH (ram1)
                0x2001c000                __ram1_end__ = (__ram1_start__ + __ram1_size__)
                0x2001c000                __ram2_start__ = ORIGIN (ram2)
                0x00004000                __ram2_size__ = LENGTH (ram2)
                0x20020000                __ram2_end__ = (__ram2_start__ + __ram2_size__)
                0x00000000                __ram3_start__ = ORIGIN (ram3)
                0x00000000                __ram3_size__ = LENGTH (ram3)
                0x00000000                __ram3_end__ = (__ram3_start__ + __ram3_size__)
                0x10000000                __ram4_start__ = ORIGIN (ram4)
                0x00010000                __ram4_size__ = LENGTH (ram4)
                0x10010000                __ram4_end__ = (__ram4_start__ + __ram4_size__)
                0x40024000                __ram5_start__ = ORIGIN (ram5)
                0x00001000                __ram5_size__ = LENGTH (ram5)
                0x40025000                __ram5_end__ = (__ram5_start__ + __ram5_size__)
                0x00000000                __ram6_start__ = ORIGIN (ram6)
                0x00000000                __ram6_size__ = LENGTH (ram6)
                0x00000000                __ram6_end__ = (__ram6_start__ + __ram6_size__)
                0x00000000                __ram7_start__ = ORIGIN (ram7)
                0x00000000                __ram7_size__ = LENGTH (ram7)
                0x00000000                __ram7_end__ = (__ram7_start__ + __ram7_size__)
                0x00000000                . = 0x0
                0x00000000                _text = .

startup         0x08000000      0x1c0
 *(.vectors)
 .vectors       0x08000000      0x1c0 build/obj/vectors.o
                0x08000000                _vectors

constructors    0x080001c0        0x0
                0x080001c0                PROVIDE (__init_array_start, .)
 *(SORT_BY_NAME(.init_array.*))
 *(.init_array)
                0x080001c0                PROVIDE (__init_array_end, .)

destructors     0x080001c0        0x0
                0x080001c0                PROVIDE (__fini_array_start, .)
 *(.fini_array)
 *(SORT_BY_NAME(.fini_array.*))
                0x080001c0                PROVIDE (__fini_array_end, .)

.text           0x080001c0     0x653c
 *(.text)
 .text          0x080001c0       0xf0 build/obj/crt0_v7m.o
                0x080001c0                Reset_Handler
 .text          0x080002b0       0x48 build/obj/chcoreasm_v7m.o
                0x080002b0                _port_switch
                0x080002c8                _port_thread_start
                0x080002e0                _port_switch_from_isr
                0x080002f4                _port_exit_from_isr
 *fill*         0x080002f8        0x8 
 .text          0x08000300      0x378 c:/users/eliot/desktop/ba6/eclipse/eclipse_e-puck2/tools/gcc-arm-none-eabi-7-2017-q4-major-win32/bin/../lib/gcc/arm-none-eabi/7.2.1/thumb/v7e-m/fpv4-sp/hard\libgcc.a(_arm_addsubdf3.o)
                0x08000300                __aeabi_drsub
                0x08000308                __aeabi_dsub
                0x08000308                __subdf3
                0x0800030c                __aeabi_dadd
                0x0800030c                __adddf3
                0x08000584                __floatunsidf
                0x08000584                __aeabi_ui2d
                0x080005a4                __floatsidf
                0x080005a4                __aeabi_i2d
                0x080005c8                __aeabi_f2d
                0x080005c8                __extendsfdf2
                0x0800060c                __floatundidf
                0x0800060c                __aeabi_ul2d
                0x0800061c                __floatdidf
                0x0800061c                __aeabi_l2d
 *fill*         0x08000678        0x8 
 .text          0x08000680      0x424 c:/users/eliot/desktop/ba6/eclipse/eclipse_e-puck2/tools/gcc-arm-none-eabi-7-2017-q4-major-win32/bin/../lib/gcc/arm-none-eabi/7.2.1/thumb/v7e-m/fpv4-sp/hard\libgcc.a(_arm_muldivdf3.o)
                0x08000680                __aeabi_dmul
                0x08000680                __muldf3
                0x080008d4                __divdf3
                0x080008d4                __aeabi_ddiv
 *fill*         0x08000aa4        0xc 
 .text          0x08000ab0       0x50 c:/users/eliot/desktop/ba6/eclipse/eclipse_e-puck2/tools/gcc-arm-none-eabi-7-2017-q4-major-win32/bin/../lib/gcc/arm-none-eabi/7.2.1/thumb/v7e-m/fpv4-sp/hard\libgcc.a(_arm_fixdfsi.o)
                0x08000ab0                __aeabi_d2iz
                0x08000ab0                __fixdfsi
 .text          0x08000b00       0xa0 c:/users/eliot/desktop/ba6/eclipse/eclipse_e-puck2/tools/gcc-arm-none-eabi-7-2017-q4-major-win32/bin/../lib/gcc/arm-none-eabi/7.2.1/thumb/v7e-m/fpv4-sp/hard\libgcc.a(_arm_truncdfsf2.o)
                0x08000b00                __truncdfsf2
                0x08000b00                __aeabi_d2f
 .text          0x08000ba0      0x134 c:/users/eliot/desktop/ba6/eclipse/eclipse_e-puck2/tools/gcc-arm-none-eabi-7-2017-q4-major-win32/bin/../lib/gcc/arm-none-eabi/7.2.1/../../../../arm-none-eabi/lib/thumb/v7e-m/fpv4-sp/hard\libg.a(lib_a-memcpy.o)
                0x08000ba0                memcpy
 *fill*         0x08000cd4        0xc 
 .text          0x08000ce0      0x2dc c:/users/eliot/desktop/ba6/eclipse/eclipse_e-puck2/tools/gcc-arm-none-eabi-7-2017-q4-major-win32/bin/../lib/gcc/arm-none-eabi/7.2.1/../../../../arm-none-eabi/lib/thumb/v7e-m/fpv4-sp/hard\libg.a(lib_a-strcmp.o)
                0x08000ce8                strcmp
 *(.text.*)
 *fill*         0x08000fbc        0x4 
 .text.__late_init
                0x08000fc0        0x4 build/obj/crt1.o
                0x08000fc0                __late_init
 *fill*         0x08000fc4        0xc 
 .text.__default_exit
                0x08000fd0        0x4 build/obj/crt1.o
                0x08000fd0                __default_exit
 *fill*         0x08000fd4        0xc 
 .text._unhandled_exception
                0x08000fe0       0x10 build/obj/vectors.o
                0x08000fe0                Vector58
                0x08000fe0                Vector9C
                0x08000fe0                VectorE8
                0x08000fe0                VectorAC
                0x08000fe0                DebugMon_Handler
                0x08000fe0                Vector1A0
                0x08000fe0                Vector5C
                0x08000fe0                Vector11C
                0x08000fe0                HardFault_Handler
                0x08000fe0                Vector1B8
                0x08000fe0                Vector19C
                0x08000fe0                Vector8C
                0x08000fe0                PendSV_Handler
                0x08000fe0                Vector168
                0x08000fe0                NMI_Handler
                0x08000fe0                Vector110
                0x08000fe0                VectorC8
                0x08000fe0                Vector94
                0x08000fe0                VectorB4
                0x08000fe0                Vector160
                0x08000fe0                Vector1B0
                0x08000fe0                UsageFault_Handler
                0x08000fe0                VectorEC
                0x08000fe0                Vector40
                0x08000fe0                VectorF8
                0x08000fe0                Vector108
                0x08000fe0                Vector190
                0x08000fe0                Vector148
                0x08000fe0                Vector188
                0x08000fe0                Vector198
                0x08000fe0                Vector118
                0x08000fe0                Vector64
                0x08000fe0                VectorCC
                0x08000fe0                Vector54
                0x08000fe0                Vector98
                0x08000fe0                VectorD8
                0x08000fe0                Vector138
                0x08000fe0                Vector24
                0x08000fe0                Vector1AC
                0x08000fe0                Vector178
                0x08000fe0                Vector1A4
                0x08000fe0                VectorD0
                0x08000fe0                Vector1B4
                0x08000fe0                Vector140
                0x08000fe0                VectorE4
                0x08000fe0                Vector134
                0x08000fe0                VectorF0
                0x08000fe0                Vector13C
                0x08000fe0                Vector100
                0x08000fe0                VectorE0
                0x08000fe0                VectorF4
                0x08000fe0                MemManage_Handler
                0x08000fe0                VectorA0
                0x08000fe0                VectorC4
                0x08000fe0                Vector180
                0x08000fe0                VectorB0
                0x08000fe0                Vector90
                0x08000fe0                Vector114
                0x08000fe0                Vector60
                0x08000fe0                Vector164
                0x08000fe0                Vector1C
                0x08000fe0                Vector1BC
                0x08000fe0                Vector17C
                0x08000fe0                Vector48
                0x08000fe0                Vector1A8
                0x08000fe0                Vector16C
                0x08000fe0                VectorD4
                0x08000fe0                Vector4C
                0x08000fe0                Vector144
                0x08000fe0                Vector15C
                0x08000fe0                Vector68
                0x08000fe0                _unhandled_exception
                0x08000fe0                Vector170
                0x08000fe0                Vector88
                0x08000fe0                Vector104
                0x08000fe0                Vector184
                0x08000fe0                Vector10C
                0x08000fe0                BusFault_Handler
                0x08000fe0                Vector50
                0x08000fe0                Vector194
                0x08000fe0                Vector44
                0x08000fe0                Vector28
                0x08000fe0                VectorB8
                0x08000fe0                Vector34
                0x08000fe0                VectorA4
                0x08000fe0                Vector20
                0x08000fe0                Vector18C
                0x08000fe0                Vector174
 .text._idle_thread
                0x08000ff0        0x4 build/obj/chsys.o
 *fill*         0x08000ff4        0xc 
 .text.chSysInit
                0x08001000       0xbc build/obj/chsys.o
                0x08001000                chSysInit
 *fill*         0x080010bc        0x4 
 .text.chSysHalt
                0x080010c0       0x14 build/obj/chsys.o
                0x080010c0                chSysHalt
 *fill*         0x080010d4        0xc 
 .text.chSysTimerHandlerI
                0x080010e0       0x78 build/obj/chsys.o
                0x080010e0                chSysTimerHandlerI
 *fill*         0x08001158        0x8 
 .text.chSysPolledDelayX
                0x08001160       0x14 build/obj/chsys.o
                0x08001160                chSysPolledDelayX
 *fill*         0x08001174        0xc 
 .text._dbg_check_enable
                0x08001180       0x1c build/obj/chdebug.o
                0x08001180                _dbg_check_enable
 *fill*         0x0800119c        0x4 
 .text._dbg_check_lock
                0x080011a0       0x20 build/obj/chdebug.o
                0x080011a0                _dbg_check_lock
 .text._dbg_check_unlock
                0x080011c0       0x28 build/obj/chdebug.o
                0x080011c0                _dbg_check_unlock
 *fill*         0x080011e8        0x8 
 .text._dbg_check_lock_from_isr
                0x080011f0       0x24 build/obj/chdebug.o
                0x080011f0                _dbg_check_lock_from_isr
 *fill*         0x08001214        0xc 
 .text._dbg_check_unlock_from_isr
                0x08001220       0x2c build/obj/chdebug.o
                0x08001220                _dbg_check_unlock_from_isr
 *fill*         0x0800124c        0x4 
 .text._dbg_check_enter_isr
                0x08001250       0x30 build/obj/chdebug.o
                0x08001250                _dbg_check_enter_isr
 .text._dbg_check_leave_isr
                0x08001280       0x30 build/obj/chdebug.o
                0x08001280                _dbg_check_leave_isr
 .text.chDbgCheckClassI
                0x080012b0       0x20 build/obj/chdebug.o
                0x080012b0                chDbgCheckClassI
 .text.chDbgCheckClassS
                0x080012d0       0x1c build/obj/chdebug.o
                0x080012d0                chDbgCheckClassS
 *fill*         0x080012ec        0x4 
 .text._dbg_trace_init
                0x080012f0       0x10 build/obj/chdebug.o
                0x080012f0                _dbg_trace_init
 .text._dbg_trace
                0x08001300       0x30 build/obj/chdebug.o
                0x08001300                _dbg_trace
 .text._vt_init
                0x08001330       0x1c build/obj/chvt.o
                0x08001330                _vt_init
 *fill*         0x0800134c        0x4 
 .text.chVTDoSetI
                0x08001350       0x58 build/obj/chvt.o
                0x08001350                chVTDoSetI
 *fill*         0x080013a8        0x8 
 .text.chVTDoResetI
                0x080013b0       0x48 build/obj/chvt.o
                0x080013b0                chVTDoResetI
 *fill*         0x080013f8        0x8 
 .text._scheduler_init
                0x08001400       0x14 build/obj/chschd.o
                0x08001400                _scheduler_init
 *fill*         0x08001414        0xc 
 .text.chSchReadyI
                0x08001420       0x4c build/obj/chschd.o
                0x08001420                chSchReadyI
 *fill*         0x0800146c        0x4 
 .text.wakeup   0x08001470       0x6c build/obj/chschd.o
 *fill*         0x080014dc        0x4 
 .text.chSchGoSleepS
                0x080014e0       0x5c build/obj/chschd.o
                0x080014e0                chSchGoSleepS
 *fill*         0x0800153c        0x4 
 .text.chSchGoSleepTimeoutS
                0x08001540       0x54 build/obj/chschd.o
                0x08001540                chSchGoSleepTimeoutS
 *fill*         0x08001594        0xc 
 .text.chSchWakeupS
                0x080015a0       0x70 build/obj/chschd.o
                0x080015a0                chSchWakeupS
 .text.chSchIsPreemptionRequired
                0x08001610       0x28 build/obj/chschd.o
                0x08001610                chSchIsPreemptionRequired
 *fill*         0x08001638        0x8 
 .text.chSchDoRescheduleBehind
                0x08001640       0x58 build/obj/chschd.o
                0x08001640                chSchDoRescheduleBehind
 *fill*         0x08001698        0x8 
 .text.chSchDoRescheduleAhead
                0x080016a0       0x68 build/obj/chschd.o
                0x080016a0                chSchDoRescheduleAhead
 *fill*         0x08001708        0x8 
 .text.chSchRescheduleS
                0x08001710       0x28 build/obj/chschd.o
                0x08001710                chSchRescheduleS
 *fill*         0x08001738        0x8 
 .text.chSchDoReschedule
                0x08001740       0x18 build/obj/chschd.o
                0x08001740                chSchDoReschedule
 *fill*         0x08001758        0x8 
 .text._thread_init
                0x08001760       0x5c build/obj/chthreads.o
                0x08001760                _thread_init
 *fill*         0x080017bc        0x4 
 .text._thread_memfill
                0x080017c0       0x10 build/obj/chthreads.o
                0x080017c0                _thread_memfill
 .text.chThdCreateI
                0x080017d0       0x50 build/obj/chthreads.o
                0x080017d0                chThdCreateI
 .text.chThdCreateStatic
                0x08001820       0x90 build/obj/chthreads.o
                0x08001820                chThdCreateStatic
 .text.chThdSleep
                0x080018b0       0x60 build/obj/chthreads.o
                0x080018b0                chThdSleep
 .text.chThdSleepUntilWindowed
                0x08001910       0x74 build/obj/chthreads.o
                0x08001910                chThdSleepUntilWindowed
 *fill*         0x08001984        0xc 
 .text.chThdExitS
                0x08001990       0x4c build/obj/chthreads.o
                0x08001990                chThdExitS
 *fill*         0x080019dc        0x4 
 .text.chThdExit
                0x080019e0       0x1c build/obj/chthreads.o
                0x080019e0                chThdExit
 *fill*         0x080019fc        0x4 
 .text.chThdSuspendTimeoutS
                0x08001a00       0x34 build/obj/chthreads.o
                0x08001a00                chThdSuspendTimeoutS
 *fill*         0x08001a34        0xc 
 .text.chThdResumeI
                0x08001a40       0x30 build/obj/chthreads.o
                0x08001a40                chThdResumeI
 .text.chThdEnqueueTimeoutS
                0x08001a70       0x28 build/obj/chthreads.o
                0x08001a70                chThdEnqueueTimeoutS
 *fill*         0x08001a98        0x8 
 .text.chThdDequeueNextI
                0x08001aa0       0x30 build/obj/chthreads.o
                0x08001aa0                chThdDequeueNextI
 .text.chTMObjectInit
                0x08001ad0       0x18 build/obj/chtm.o
                0x08001ad0                chTMObjectInit
 *fill*         0x08001ae8        0x8 
 .text.chTMStartMeasurementX
                0x08001af0        0xc build/obj/chtm.o
                0x08001af0                chTMStartMeasurementX
 *fill*         0x08001afc        0x4 
 .text.chTMStopMeasurementX
                0x08001b00       0x48 build/obj/chtm.o
                0x08001b00                chTMStopMeasurementX
 *fill*         0x08001b48        0x8 
 .text._tm_init
                0x08001b50       0x3c build/obj/chtm.o
                0x08001b50                _tm_init
 *fill*         0x08001b8c        0x4 
 .text.chTMChainMeasurementToX
                0x08001b90       0x40 build/obj/chtm.o
                0x08001b90                chTMChainMeasurementToX
 .text._stats_init
                0x08001bd0       0x28 build/obj/chstats.o
                0x08001bd0                _stats_init
 *fill*         0x08001bf8        0x8 
 .text._stats_increase_irq
                0x08001c00       0x14 build/obj/chstats.o
                0x08001c00                _stats_increase_irq
 *fill*         0x08001c14        0xc 
 .text._stats_ctxswc
                0x08001c20       0x24 build/obj/chstats.o
                0x08001c20                _stats_ctxswc
 *fill*         0x08001c44        0xc 
 .text._stats_start_measure_crit_thd
                0x08001c50        0xc build/obj/chstats.o
                0x08001c50                _stats_start_measure_crit_thd
 *fill*         0x08001c5c        0x4 
 .text._stats_stop_measure_crit_thd
                0x08001c60        0xc build/obj/chstats.o
                0x08001c60                _stats_stop_measure_crit_thd
 *fill*         0x08001c6c        0x4 
 .text._stats_start_measure_crit_isr
                0x08001c70        0xc build/obj/chstats.o
                0x08001c70                _stats_start_measure_crit_isr
 *fill*         0x08001c7c        0x4 
 .text._stats_stop_measure_crit_isr
                0x08001c80        0xc build/obj/chstats.o
                0x08001c80                _stats_stop_measure_crit_isr
 *fill*         0x08001c8c        0x4 
 .text.chMtxObjectInit
                0x08001c90       0x20 build/obj/chmtx.o
                0x08001c90                chMtxObjectInit
 .text.chMtxLockS
                0x08001cb0      0x154 build/obj/chmtx.o
                0x08001cb0                chMtxLockS
 *fill*         0x08001e04        0xc 
 .text.chMtxLock
                0x08001e10       0x50 build/obj/chmtx.o
                0x08001e10                chMtxLock
 .text.chMtxUnlock
                0x08001e60       0xf4 build/obj/chmtx.o
                0x08001e60                chMtxUnlock
 *fill*         0x08001f54        0xc 
 .text.chMtxUnlockS
                0x08001f60       0xb4 build/obj/chmtx.o
                0x08001f60                chMtxUnlockS
 *fill*         0x08002014        0xc 
 .text.chCondBroadcastI
                0x08002020       0x38 build/obj/chcond.o
                0x08002020                chCondBroadcastI
 *fill*         0x08002058        0x8 
 .text.chCondBroadcast
                0x08002060       0x54 build/obj/chcond.o
                0x08002060                chCondBroadcast
 *fill*         0x080020b4        0xc 
 .text.chCondWaitS
                0x080020c0       0x6c build/obj/chcond.o
                0x080020c0                chCondWaitS
 *fill*         0x0800212c        0x4 
 .text.chCondWait
                0x08002130       0x58 build/obj/chcond.o
                0x08002130                chCondWait
 *fill*         0x08002188        0x8 
 .text.chEvtSignalI
                0x08002190       0x48 build/obj/chevents.o
                0x08002190                chEvtSignalI
 *fill*         0x080021d8        0x8 
 .text.chEvtBroadcastFlagsI
                0x080021e0       0x3c build/obj/chevents.o
                0x080021e0                chEvtBroadcastFlagsI
 *fill*         0x0800221c        0x4 
 .text.chIQObjectInit
                0x08002220       0x20 build/obj/chqueues.o
                0x08002220                chIQObjectInit
 .text.chIQPutI
                0x08002240       0x44 build/obj/chqueues.o
                0x08002240                chIQPutI
 *fill*         0x08002284        0xc 
 .text.chIQGetTimeout
                0x08002290       0x88 build/obj/chqueues.o
                0x08002290                chIQGetTimeout
 *fill*         0x08002318        0x8 
 .text.chIQReadTimeout
                0x08002320       0xdc build/obj/chqueues.o
                0x08002320                chIQReadTimeout
 *fill*         0x080023fc        0x4 
 .text.chOQObjectInit
                0x08002400       0x1c build/obj/chqueues.o
                0x08002400                chOQObjectInit
 *fill*         0x0800241c        0x4 
 .text.chOQPutTimeout
                0x08002420       0xac build/obj/chqueues.o
                0x08002420                chOQPutTimeout
 *fill*         0x080024cc        0x4 
 .text.chOQGetI
                0x080024d0       0x40 build/obj/chqueues.o
                0x080024d0                chOQGetI
 .text.chOQWriteTimeout
                0x08002510       0xec build/obj/chqueues.o
                0x08002510                chOQWriteTimeout
 *fill*         0x080025fc        0x4 
 .text._core_init
                0x08002600       0x28 build/obj/chmemcore.o
                0x08002600                _core_init
 *fill*         0x08002628        0x8 
 .text.chCoreAlloc
                0x08002630       0x74 build/obj/chmemcore.o
                0x08002630                chCoreAlloc
 *fill*         0x080026a4        0xc 
 .text._heap_init
                0x080026b0       0x1c build/obj/chheap.o
                0x080026b0                _heap_init
 *fill*         0x080026cc        0x4 
 .text.SVC_Handler
                0x080026d0       0x2c build/obj/chcore_v7m.o
                0x080026d0                SVC_Handler
 *fill*         0x080026fc        0x4 
 .text._port_irq_epilogue
                0x08002700       0x60 build/obj/chcore_v7m.o
                0x08002700                _port_irq_epilogue
 .text.halInit  0x08002760       0x30 build/obj/hal.o
                0x08002760                halInit
 .text.gptInit  0x08002790        0x4 build/obj/gpt.o
                0x08002790                gptInit
 *fill*         0x08002794        0xc 
 .text.gptObjectInit
                0x080027a0        0xc build/obj/gpt.o
                0x080027a0                gptObjectInit
 *fill*         0x080027ac        0x4 
 .text.gptStart
                0x080027b0       0x78 build/obj/gpt.o
                0x080027b0                gptStart
 *fill*         0x08002828        0x8 
 .text.gptStartContinuousI
                0x08002830       0x34 build/obj/gpt.o
                0x08002830                gptStartContinuousI
 *fill*         0x08002864        0xc 
 .text.gptStartContinuous
                0x08002870       0x54 build/obj/gpt.o
                0x08002870                gptStartContinuous
 *fill*         0x080028c4        0xc 
 .text.i2cInit  0x080028d0        0x4 build/obj/i2c.o
                0x080028d0                i2cInit
 *fill*         0x080028d4        0xc 
 .text.i2cObjectInit
                0x080028e0       0x10 build/obj/i2c.o
                0x080028e0                i2cObjectInit
 .text.i2cStart
                0x080028f0       0x7c build/obj/i2c.o
                0x080028f0                i2cStart
 *fill*         0x0800296c        0x4 
 .text.i2cStop  0x08002970       0x74 build/obj/i2c.o
                0x08002970                i2cStop
 *fill*         0x080029e4        0xc 
 .text.i2cGetErrors
                0x080029f0       0x18 build/obj/i2c.o
                0x080029f0                i2cGetErrors
 *fill*         0x08002a08        0x8 
 .text.i2cMasterTransmitTimeout
                0x08002a10       0xb4 build/obj/i2c.o
                0x08002a10                i2cMasterTransmitTimeout
 *fill*         0x08002ac4        0xc 
 .text.i2cAcquireBus
                0x08002ad0       0x28 build/obj/i2c.o
                0x08002ad0                i2cAcquireBus
 *fill*         0x08002af8        0x8 
 .text.i2cReleaseBus
                0x08002b00       0x28 build/obj/i2c.o
                0x08002b00                i2cReleaseBus
 *fill*         0x08002b28        0x8 
 .text.readt    0x08002b30        0x8 build/obj/serial.o
 *fill*         0x08002b38        0x8 
 .text.read     0x08002b40        0xc build/obj/serial.o
 *fill*         0x08002b4c        0x4 
 .text.writet   0x08002b50        0x8 build/obj/serial.o
 *fill*         0x08002b58        0x8 
 .text.write    0x08002b60        0xc build/obj/serial.o
 *fill*         0x08002b6c        0x4 
 .text.gett     0x08002b70        0x8 build/obj/serial.o
 *fill*         0x08002b78        0x8 
 .text.get      0x08002b80        0xc build/obj/serial.o
 *fill*         0x08002b8c        0x4 
 .text.putt     0x08002b90        0x8 build/obj/serial.o
 *fill*         0x08002b98        0x8 
 .text.put      0x08002ba0        0xc build/obj/serial.o
 *fill*         0x08002bac        0x4 
 .text.sdInit   0x08002bb0        0x4 build/obj/serial.o
                0x08002bb0                sdInit
 *fill*         0x08002bb4        0xc 
 .text.sdObjectInit
                0x08002bc0       0x40 build/obj/serial.o
                0x08002bc0                sdObjectInit
 .text.sdStart  0x08002c00       0x74 build/obj/serial.o
                0x08002c00                sdStart
 *fill*         0x08002c74        0xc 
 .text.sdIncomingDataI
                0x08002c80       0x54 build/obj/serial.o
                0x08002c80                sdIncomingDataI
 *fill*         0x08002cd4        0xc 
 .text.sduInit  0x08002ce0        0x4 build/obj/serial_usb.o
                0x08002ce0                sduInit
 *fill*         0x08002ce4        0xc 
 .text.stInit   0x08002cf0        0x4 build/obj/st.o
                0x08002cf0                stInit
 *fill*         0x08002cf4        0xc 
 .text.usbInit  0x08002d00        0x4 build/obj/usb.o
                0x08002d00                usbInit
 *fill*         0x08002d04        0xc 
 .text.usbObjectInit
                0x08002d10       0x18 build/obj/usb.o
                0x08002d10                usbObjectInit
 *fill*         0x08002d28        0x8 
 .text.usbStartReceiveI
                0x08002d30       0x3c build/obj/usb.o
                0x08002d30                usbStartReceiveI
 *fill*         0x08002d6c        0x4 
 .text.usbStartTransmitI
                0x08002d70       0x3c build/obj/usb.o
                0x08002d70                usbStartTransmitI
 *fill*         0x08002dac        0x4 
 .text._usb_reset
                0x08002db0       0x1c build/obj/usb.o
                0x08002db0                _usb_reset
 *fill*         0x08002dcc        0x4 
 .text._usb_ep0setup
                0x08002dd0      0x32c build/obj/usb.o
                0x08002dd0                _usb_ep0setup
 *fill*         0x080030fc        0x4 
 .text._usb_ep0in
                0x08003100       0xfc build/obj/usb.o
                0x08003100                _usb_ep0in
 *fill*         0x080031fc        0x4 
 .text._usb_ep0out
                0x08003200       0xa8 build/obj/usb.o
                0x08003200                _usb_ep0out
 *fill*         0x080032a8        0x8 
 .text.nvicEnableVector
                0x080032b0       0x34 build/obj/nvic.o
                0x080032b0                nvicEnableVector
 *fill*         0x080032e4        0xc 
 .text.nvicDisableVector
                0x080032f0       0x28 build/obj/nvic.o
                0x080032f0                nvicDisableVector
 *fill*         0x08003318        0x8 
 .text.nvicSetSystemHandlerPriority
                0x08003320       0x24 build/obj/nvic.o
                0x08003320                nvicSetSystemHandlerPriority
 *fill*         0x08003344        0xc 
 .text.Vector6C
                0x08003350       0x34 build/obj/stm32_dma.o
                0x08003350                Vector6C
 *fill*         0x08003384        0xc 
 .text.Vector70
                0x08003390       0x38 build/obj/stm32_dma.o
                0x08003390                Vector70
 *fill*         0x080033c8        0x8 
 .text.Vector74
                0x080033d0       0x38 build/obj/stm32_dma.o
                0x080033d0                Vector74
 *fill*         0x08003408        0x8 
 .text.Vector78
                0x08003410       0x38 build/obj/stm32_dma.o
                0x08003410                Vector78
 *fill*         0x08003448        0x8 
 .text.Vector7C
                0x08003450       0x34 build/obj/stm32_dma.o
                0x08003450                Vector7C
 *fill*         0x08003484        0xc 
 .text.Vector80
                0x08003490       0x38 build/obj/stm32_dma.o
                0x08003490                Vector80
 *fill*         0x080034c8        0x8 
 .text.Vector84
                0x080034d0       0x38 build/obj/stm32_dma.o
                0x080034d0                Vector84
 *fill*         0x08003508        0x8 
 .text.VectorFC
                0x08003510       0x38 build/obj/stm32_dma.o
                0x08003510                VectorFC
 *fill*         0x08003548        0x8 
 .text.Vector120
                0x08003550       0x34 build/obj/stm32_dma.o
                0x08003550                Vector120
 *fill*         0x08003584        0xc 
 .text.Vector124
                0x08003590       0x38 build/obj/stm32_dma.o
                0x08003590                Vector124
 *fill*         0x080035c8        0x8 
 .text.Vector128
                0x080035d0       0x38 build/obj/stm32_dma.o
                0x080035d0                Vector128
 *fill*         0x08003608        0x8 
 .text.Vector12C
                0x08003610       0x38 build/obj/stm32_dma.o
                0x08003610                Vector12C
 *fill*         0x08003648        0x8 
 .text.Vector130
                0x08003650       0x34 build/obj/stm32_dma.o
                0x08003650                Vector130
 *fill*         0x08003684        0xc 
 .text.Vector150
                0x08003690       0x38 build/obj/stm32_dma.o
                0x08003690                Vector150
 *fill*         0x080036c8        0x8 
 .text.Vector154
                0x080036d0       0x38 build/obj/stm32_dma.o
                0x080036d0                Vector154
 *fill*         0x08003708        0x8 
 .text.Vector158
                0x08003710       0x38 build/obj/stm32_dma.o
                0x08003710                Vector158
 *fill*         0x08003748        0x8 
 .text.dmaInit  0x08003750       0x54 build/obj/stm32_dma.o
                0x08003750                dmaInit
 *fill*         0x080037a4        0xc 
 .text.dmaStreamAllocate
                0x080037b0       0xb0 build/obj/stm32_dma.o
                0x080037b0                dmaStreamAllocate
 .text.dmaStreamRelease
                0x08003860       0x68 build/obj/stm32_dma.o
                0x08003860                dmaStreamRelease
 *fill*         0x080038c8        0x8 
 .text.hal_lld_init
                0x080038d0       0x68 build/obj/hal_lld.o
                0x080038d0                hal_lld_init
 *fill*         0x08003938        0x8 
 .text.stm32_clock_init
                0x08003940       0xdc build/obj/hal_lld.o
                0x08003940                stm32_clock_init
 *fill*         0x08003a1c        0x4 
 .text._pal_lld_init
                0x08003a20      0x1b0 build/obj/pal_lld.o
                0x08003a20                _pal_lld_init
 .text._pal_lld_setgroupmode
                0x08003bd0       0xbc build/obj/pal_lld.o
                0x08003bd0                _pal_lld_setgroupmode
 *fill*         0x08003c8c        0x4 
 .text.i2c_lld_serve_tx_end_irq
                0x08003c90       0x40 build/obj/i2c_lld.o
 .text.i2c_lld_serve_rx_end_irq
                0x08003cd0       0x74 build/obj/i2c_lld.o
 *fill*         0x08003d44        0xc 
 .text.VectorBC
                0x08003d50      0x118 build/obj/i2c_lld.o
                0x08003d50                VectorBC
 *fill*         0x08003e68        0x8 
 .text.VectorC0
                0x08003e70       0xfc build/obj/i2c_lld.o
                0x08003e70                VectorC0
 *fill*         0x08003f6c        0x4 
 .text.i2c_lld_init
                0x08003f70       0x2c build/obj/i2c_lld.o
                0x08003f70                i2c_lld_init
 *fill*         0x08003f9c        0x4 
 .text.i2c_lld_start
                0x08003fa0      0x244 build/obj/i2c_lld.o
                0x08003fa0                i2c_lld_start
 *fill*         0x080041e4        0xc 
 .text.i2c_lld_stop
                0x080041f0       0x88 build/obj/i2c_lld.o
                0x080041f0                i2c_lld_stop
 *fill*         0x08004278        0x8 
 .text.i2c_lld_master_transmit_timeout
                0x08004280       0xec build/obj/i2c_lld.o
                0x08004280                i2c_lld_master_transmit_timeout
 *fill*         0x0800436c        0x4 
 .text.usb_lld_init
                0x08004370       0x44 build/obj/usb_lld.o
                0x08004370                usb_lld_init
 *fill*         0x080043b4        0xc 
 .text.usb_lld_reset
                0x080043c0       0xd0 build/obj/usb_lld.o
                0x080043c0                usb_lld_reset
 .text.usb_lld_set_address
                0x08004490       0x18 build/obj/usb_lld.o
                0x08004490                usb_lld_set_address
 *fill*         0x080044a8        0x8 
 .text.usb_lld_get_status_out
                0x080044b0       0x1c build/obj/usb_lld.o
                0x080044b0                usb_lld_get_status_out
 *fill*         0x080044cc        0x4 
 .text.usb_lld_get_status_in
                0x080044d0       0x1c build/obj/usb_lld.o
                0x080044d0                usb_lld_get_status_in
 *fill*         0x080044ec        0x4 
 .text.usb_lld_read_setup
                0x080044f0       0x14 build/obj/usb_lld.o
                0x080044f0                usb_lld_read_setup
 *fill*         0x08004504        0xc 
 .text.usb_lld_prepare_receive
                0x08004510       0x40 build/obj/usb_lld.o
                0x08004510                usb_lld_prepare_receive
 .text.otg_epout_handler.constprop.7
                0x08004550       0xac build/obj/usb_lld.o
 *fill*         0x080045fc        0x4 
 .text.usb_lld_prepare_transmit
                0x08004600       0x4c build/obj/usb_lld.o
                0x08004600                usb_lld_prepare_transmit
 *fill*         0x0800464c        0x4 
 .text.otg_epin_handler.constprop.8
                0x08004650       0xf0 build/obj/usb_lld.o
 .text.Vector14C
                0x08004740      0x114 build/obj/usb_lld.o
                0x08004740                Vector14C
 *fill*         0x08004854        0xc 
 .text.usb_lld_start_out
                0x08004860       0x14 build/obj/usb_lld.o
                0x08004860                usb_lld_start_out
 *fill*         0x08004874        0xc 
 .text.usb_lld_start_in
                0x08004880       0x2c build/obj/usb_lld.o
                0x08004880                usb_lld_start_in
 *fill*         0x080048ac        0x4 
 .text.usb_lld_stall_out
                0x080048b0       0x14 build/obj/usb_lld.o
                0x080048b0                usb_lld_stall_out
 *fill*         0x080048c4        0xc 
 .text.usb_lld_stall_in
                0x080048d0       0x14 build/obj/usb_lld.o
                0x080048d0                usb_lld_stall_in
 *fill*         0x080048e4        0xc 
 .text.usb_lld_clear_out
                0x080048f0       0x14 build/obj/usb_lld.o
                0x080048f0                usb_lld_clear_out
 *fill*         0x08004904        0xc 
 .text.usb_lld_clear_in
                0x08004910       0x14 build/obj/usb_lld.o
                0x08004910                usb_lld_clear_in
 *fill*         0x08004924        0xc 
 .text.VectorA8
                0x08004930       0x40 build/obj/gpt_lld.o
                0x08004930                VectorA8
 .text.gpt_lld_init
                0x08004970       0x14 build/obj/gpt_lld.o
                0x08004970                gpt_lld_init
 *fill*         0x08004984        0xc 
 .text.gpt_lld_start
                0x08004990       0x7c build/obj/gpt_lld.o
                0x08004990                gpt_lld_start
 *fill*         0x08004a0c        0x4 
 .text.gpt_lld_start_timer
                0x08004a10       0x24 build/obj/gpt_lld.o
                0x08004a10                gpt_lld_start_timer
 *fill*         0x08004a34        0xc 
 .text.SysTick_Handler
                0x08004a40       0x38 build/obj/st_lld.o
                0x08004a40                SysTick_Handler
 *fill*         0x08004a78        0x8 
 .text.st_lld_init
                0x08004a80       0x20 build/obj/st_lld.o
                0x08004a80                st_lld_init
 .text.notify3  0x08004aa0       0x10 build/obj/serial_lld.o
 .text.VectorDC
                0x08004ab0      0x184 build/obj/serial_lld.o
                0x08004ab0                VectorDC
 *fill*         0x08004c34        0xc 
 .text.sd_lld_init
                0x08004c40       0x20 build/obj/serial_lld.o
                0x08004c40                sd_lld_init
 .text.sd_lld_start
                0x08004c60       0x90 build/obj/serial_lld.o
                0x08004c60                sd_lld_start
 .text.__early_init
                0x08004cf0        0x4 build/obj/board.o
                0x08004cf0                __early_init
 *fill*         0x08004cf4        0xc 
 .text.boardInit
                0x08004d00        0x4 build/obj/board.o
                0x08004d00                boardInit
 *fill*         0x08004d04        0xc 
 .text.chvprintf
                0x08004d10      0x594 build/obj/chprintf.o
                0x08004d10                chvprintf
 *fill*         0x080052a4        0xc 
 .text.messagebus_init
                0x080052b0        0xc build/obj/messagebus.o
                0x080052b0                messagebus_init
 *fill*         0x080052bc        0x4 
 .text.messagebus_topic_init
                0x080052c0       0x20 build/obj/messagebus.o
                0x080052c0                messagebus_topic_init
 .text.messagebus_advertise_topic
                0x080052e0       0x3c build/obj/messagebus.o
                0x080052e0                messagebus_advertise_topic
 *fill*         0x0800531c        0x4 
 .text.messagebus_find_topic_blocking
                0x08005320       0x38 build/obj/messagebus.o
                0x08005320                messagebus_find_topic_blocking
 *fill*         0x08005358        0x8 
 .text.messagebus_topic_publish
                0x08005360       0x5c build/obj/messagebus.o
                0x08005360                messagebus_topic_publish
 *fill*         0x080053bc        0x4 
 .text.messagebus_topic_wait
                0x080053c0       0x28 build/obj/messagebus.o
                0x080053c0                messagebus_topic_wait
 *fill*         0x080053e8        0x8 
 .text.messagebus_lock_acquire
                0x080053f0        0x4 build/obj/port.o
                0x080053f0                messagebus_lock_acquire
 *fill*         0x080053f4        0xc 
 .text.messagebus_lock_release
                0x08005400        0x4 build/obj/port.o
                0x08005400                messagebus_lock_release
 *fill*         0x08005404        0xc 
 .text.messagebus_condvar_broadcast
                0x08005410        0x4 build/obj/port.o
                0x08005410                messagebus_condvar_broadcast
 *fill*         0x08005414        0xc 
 .text.messagebus_condvar_wait
                0x08005420        0x4 build/obj/port.o
                0x08005420                messagebus_condvar_wait
 *fill*         0x08005424        0xc 
 .text.i2c_start
                0x08005430       0x50 build/obj/i2c_bus.o
                0x08005430                i2c_start
 .text.read_reg
                0x08005480       0x7c build/obj/i2c_bus.o
                0x08005480                read_reg
 *fill*         0x080054fc        0x4 
 .text.write_reg
                0x08005500       0x78 build/obj/i2c_bus.o
                0x08005500                write_reg
 *fill*         0x08005578        0x8 
 .text.read_reg_multi
                0x08005580       0x74 build/obj/i2c_bus.o
                0x08005580                read_reg_multi
 *fill*         0x080055f4        0xc 
 .text.chprintf.constprop.0
                0x08005600       0x24 build/obj/main.o
 *fill*         0x08005624        0xc 
 .text.panic_handler
                0x08005630       0x2c build/obj/main.o
                0x08005630                panic_handler
 *fill*         0x0800565c        0x4 
 .text.show_gravity
                0x08005660       0xe8 build/obj/main.o
                0x08005660                show_gravity
 *fill*         0x08005748        0x8 
 .text.startup.main
                0x08005750      0x16c build/obj/main.o
                0x08005750                main
 *fill*         0x080058bc        0x4 
 .text.mpu9250_setup
                0x080058c0      0x138 build/obj/mpu9250.o
                0x080058c0                mpu9250_setup
 *fill*         0x080059f8        0x8 
 .text.mpu9250_read
                0x08005a00       0xa8 build/obj/mpu9250.o
                0x08005a00                mpu9250_read
 *fill*         0x08005aa8        0x8 
 .text.imu_compute_units
                0x08005ab0       0x80 build/obj/imu.o
                0x08005ab0                imu_compute_units
 .text.imu_reader_thd
                0x08005b30       0xe8 build/obj/imu.o
 *fill*         0x08005c18        0x8 
 .text.imu_start
                0x08005c20       0x40 build/obj/imu.o
                0x08005c20                imu_start
 .text.imu_compute_offset
                0x08005c60       0xac build/obj/imu.o
                0x08005c60                imu_compute_offset
 *fill*         0x08005d0c        0x4 
 .text.abs      0x08005d10        0x8 c:/users/eliot/desktop/ba6/eclipse/eclipse_e-puck2/tools/gcc-arm-none-eabi-7-2017-q4-major-win32/bin/../lib/gcc/arm-none-eabi/7.2.1/../../../../arm-none-eabi/lib/thumb/v7e-m/fpv4-sp/hard\libg.a(lib_a-abs.o)
                0x08005d10                abs
 *fill*         0x08005d18        0x8 
 .text.memset   0x08005d20       0x94 c:/users/eliot/desktop/ba6/eclipse/eclipse_e-puck2/tools/gcc-arm-none-eabi-7-2017-q4-major-win32/bin/../lib/gcc/arm-none-eabi/7.2.1/../../../../arm-none-eabi/lib/thumb/v7e-m/fpv4-sp/hard\libg.a(lib_a-memset.o)
                0x08005d20                memset
 *fill*         0x08005db4        0xc 
 .text.strncpy  0x08005dc0       0x64 c:/users/eliot/desktop/ba6/eclipse/eclipse_e-puck2/tools/gcc-arm-none-eabi-7-2017-q4-major-win32/bin/../lib/gcc/arm-none-eabi/7.2.1/../../../../arm-none-eabi/lib/thumb/v7e-m/fpv4-sp/hard\libg.a(lib_a-strncpy.o)
                0x08005dc0                strncpy
 *(.rodata)
 *(.rodata.*)
 *fill*         0x08005e24        0xc 
 .rodata._unhandled_exception.str1.4
                0x08005e30       0x14 build/obj/vectors.o
 *fill*         0x08005e44        0xc 
 .rodata.chSysInit.str1.4
                0x08005e50        0x5 build/obj/chsys.o
 *fill*         0x08005e55        0xb 
 .rodata._dbg_check_enable.str1.4
                0x08005e60        0x5 build/obj/chdebug.o
 *fill*         0x08005e65        0xb 
 .rodata._dbg_check_enter_isr.str1.4
                0x08005e70        0x5 build/obj/chdebug.o
 *fill*         0x08005e75        0xb 
 .rodata._dbg_check_leave_isr.str1.4
                0x08005e80        0x5 build/obj/chdebug.o
 *fill*         0x08005e85        0xb 
 .rodata._dbg_check_lock.str1.4
                0x08005e90        0x5 build/obj/chdebug.o
 *fill*         0x08005e95        0xb 
 .rodata._dbg_check_lock_from_isr.str1.4
                0x08005ea0        0x5 build/obj/chdebug.o
 *fill*         0x08005ea5        0xb 
 .rodata._dbg_check_unlock.str1.4
                0x08005eb0        0x5 build/obj/chdebug.o
 *fill*         0x08005eb5        0xb 
 .rodata._dbg_check_unlock_from_isr.str1.4
                0x08005ec0        0x5 build/obj/chdebug.o
 *fill*         0x08005ec5        0xb 
 .rodata.chDbgCheckClassI.str1.4
                0x08005ed0        0x6 build/obj/chdebug.o
 *fill*         0x08005ed6        0xa 
 .rodata.chDbgCheckClassS.str1.4
                0x08005ee0        0x6 build/obj/chdebug.o
 *fill*         0x08005ee6        0xa 
 .rodata.__func__.7857
                0x08005ef0        0xb build/obj/chvt.o
 *fill*         0x08005efb        0x5 
 .rodata.__func__.7864
                0x08005f00        0xd build/obj/chvt.o
 *fill*         0x08005f0d        0x3 
 .rodata.__func__.7854
                0x08005f10        0xc build/obj/chschd.o
 *fill*         0x08005f1c        0x4 
 .rodata.chSchGoSleepS.str1.4
                0x08005f20        0xf build/obj/chschd.o
 *fill*         0x08005f2f        0x1 
 .rodata.__func__.7153
                0x08005f30        0xc build/obj/chthreads.o
 *fill*         0x08005f3c        0x4 
 .rodata.__func__.7324
                0x08005f40        0xc build/obj/chthreads.o
 *fill*         0x08005f4c        0x4 
 .rodata.__func__.7336
                0x08005f50       0x14 build/obj/chthreads.o
 *fill*         0x08005f64        0xc 
 .rodata.__func__.7866
                0x08005f70        0xd build/obj/chthreads.o
 *fill*         0x08005f7d        0x3 
 .rodata.__func__.7910
                0x08005f80        0xb build/obj/chthreads.o
 *fill*         0x08005f8b        0x5 
 .rodata.__func__.7926
                0x08005f90       0x15 build/obj/chthreads.o
 *fill*         0x08005fa5        0xb 
 .rodata.__func__.7932
                0x08005fb0        0xd build/obj/chthreads.o
 *fill*         0x08005fbd        0x3 
 .rodata.ch_debug
                0x08005fc0       0x16 build/obj/chregistry.o
                0x08005fc0                ch_debug
 *fill*         0x08005fd6        0xa 
 .rodata.__func__.7153
                0x08005fe0        0xc build/obj/chmtx.o
 *fill*         0x08005fec        0x4 
 .rodata.__func__.7849
                0x08005ff0       0x10 build/obj/chmtx.o
 .rodata.__func__.7857
                0x08006000        0xb build/obj/chmtx.o
 *fill*         0x0800600b        0x5 
 .rodata.__func__.7880
                0x08006010        0xc build/obj/chmtx.o
 *fill*         0x0800601c        0x4 
 .rodata.__func__.7891
                0x08006020        0xd build/obj/chmtx.o
 *fill*         0x0800602d        0x3 
 .rodata.__func__.7153
                0x08006030        0xc build/obj/chcond.o
 *fill*         0x0800603c        0x4 
 .rodata.__func__.7865
                0x08006040       0x11 build/obj/chcond.o
 *fill*         0x08006051        0xf 
 .rodata.__func__.7879
                0x08006060        0xc build/obj/chcond.o
 *fill*         0x0800606c        0x4 
 .rodata.__func__.7874
                0x08006070       0x15 build/obj/chevents.o
 *fill*         0x08006085        0xb 
 .rodata.__func__.7891
                0x08006090        0xd build/obj/chevents.o
 *fill*         0x0800609d        0x3 
 .rodata.__func__.7153
                0x080060a0        0xc build/obj/chqueues.o
 *fill*         0x080060ac        0x4 
 .rodata.__func__.7877
                0x080060b0       0x10 build/obj/chqueues.o
 .rodata.__func__.7913
                0x080060c0       0x11 build/obj/chqueues.o
 *fill*         0x080060d1        0xf 
 .rodata.__func__.7153
                0x080060e0        0xc build/obj/chmemcore.o
 *fill*         0x080060ec        0x4 
 .rodata.__func__.7153
                0x080060f0        0xc build/obj/gpt.o
 *fill*         0x080060fc        0x4 
 .rodata.__func__.8890
                0x08006100        0x9 build/obj/gpt.o
 *fill*         0x08006109        0x7 
 .rodata.__func__.8908
                0x08006110       0x14 build/obj/gpt.o
 *fill*         0x08006124        0xc 
 .rodata.__func__.7153
                0x08006130        0xc build/obj/i2c.o
 *fill*         0x0800613c        0x4 
 .rodata.__func__.8890
                0x08006140        0x9 build/obj/i2c.o
 *fill*         0x08006149        0x7 
 .rodata.__func__.8894
                0x08006150        0x8 build/obj/i2c.o
 *fill*         0x08006158        0x8 
 .rodata.__func__.8898
                0x08006160        0xd build/obj/i2c.o
 *fill*         0x0800616d        0x3 
 .rodata.__func__.8909
                0x08006170       0x19 build/obj/i2c.o
 *fill*         0x08006189        0x7 
 .rodata.__func__.8922
                0x08006190        0xe build/obj/i2c.o
 *fill*         0x0800619e        0x2 
 .rodata.__func__.8926
                0x080061a0        0xe build/obj/i2c.o
 *fill*         0x080061ae        0x2 
 .rodata.__func__.7153
                0x080061b0        0xc build/obj/serial.o
 *fill*         0x080061bc        0x4 
 .rodata.__func__.8931
                0x080061c0        0x8 build/obj/serial.o
 *fill*         0x080061c8        0x8 
 .rodata.__func__.8940
                0x080061d0       0x10 build/obj/serial.o
 .rodata.vmt    0x080061e0       0x20 build/obj/serial.o
 .rodata.__func__.9390
                0x08006200       0x11 build/obj/usb.o
 *fill*         0x08006211        0xf 
 .rodata.__func__.9395
                0x08006220       0x12 build/obj/usb.o
 *fill*         0x08006232        0xe 
 .rodata.__func__.9429
                0x08006240        0xb build/obj/usb.o
 *fill*         0x0800624b        0x5 
 .rodata.__func__.9443
                0x08006250        0xc build/obj/usb.o
 *fill*         0x0800625c        0x4 
 .rodata.active_status
                0x08006260        0x2 build/obj/usb.o
 *fill*         0x08006262        0xe 
 .rodata.halted_status
                0x08006270        0x2 build/obj/usb.o
 *fill*         0x08006272        0xe 
 .rodata.zero_status
                0x08006280        0x2 build/obj/usb.o
 *fill*         0x08006282        0xe 
 .rodata.__func__.8891
                0x08006290       0x1d build/obj/nvic.o
 *fill*         0x080062ad        0x3 
 .rodata.__func__.8964
                0x080062b0       0x12 build/obj/stm32_dma.o
 *fill*         0x080062c2        0xe 
 .rodata.__func__.8971
                0x080062d0       0x11 build/obj/stm32_dma.o
 *fill*         0x080062e1        0xf 
 .rodata._stm32_dma_streams
                0x080062f0       0xc0 build/obj/stm32_dma.o
                0x080062f0                _stm32_dma_streams
 .rodata.__func__.7153
                0x080063b0        0xc build/obj/i2c_lld.o
 *fill*         0x080063bc        0x4 
 .rodata.__func__.8899
                0x080063c0       0x12 build/obj/i2c_lld.o
 *fill*         0x080063d2        0xe 
 .rodata.__func__.8964
                0x080063e0        0xe build/obj/i2c_lld.o
 *fill*         0x080063ee        0x2 
 .rodata.i2c_lld_serve_tx_end_irq.str1.4
                0x080063f0        0xc build/obj/i2c_lld.o
 *fill*         0x080063fc        0x4 
 .rodata.__func__.9336
                0x08006400        0xe build/obj/usb_lld.o
 *fill*         0x0800640e        0x2 
 .rodata.ep0config
                0x08006410       0x24 build/obj/usb_lld.o
 *fill*         0x08006434        0xc 
 .rodata.fsparams
                0x08006440        0xc build/obj/usb_lld.o
 *fill*         0x0800644c        0x4 
 .rodata.__func__.8894
                0x08006450        0xe build/obj/gpt_lld.o
 *fill*         0x0800645e        0x2 
 .rodata.default_config
                0x08006460        0xc build/obj/serial_lld.o
 *fill*         0x0800646c        0x4 
 .rodata.pal_default_config
                0x08006470       0xfc build/obj/board.o
                0x08006470                pal_default_config
 *fill*         0x0800656c        0x4 
 .rodata.chvprintf.str1.4
                0x08006570        0x7 build/obj/chprintf.o
 *fill*         0x08006577        0x9 
 .rodata.pow10  0x08006580       0x24 build/obj/chprintf.o
 *fill*         0x080065a4        0xc 
 .rodata.i2c_cfg1.8904
                0x080065b0        0xc build/obj/i2c_bus.o
 *fill*         0x080065bc        0x4 
 .rodata.__func__.7153
                0x080065c0        0xc build/obj/main.o
 *fill*         0x080065cc        0x4 
 .rodata.gpt11cfg.10168
                0x080065d0       0x10 build/obj/main.o
 .rodata.main.str1.4
                0x080065e0       0xf8 build/obj/main.o
                                 0xf5 (size before relaxing)
 *fill*         0x080066d8        0x8 
 .rodata.__FUNCTION__.10142
                0x080066e0        0xf build/obj/imu.o
 *fill*         0x080066ef        0x1 
 .rodata.__func__.7153
                0x080066f0        0xc build/obj/imu.o
 .rodata.imu_reader_thd.str1.4
                0x080066fc        0x5 build/obj/imu.o
 *(.glue_7t)
 .glue_7t       0x080066fc        0x0 linker stubs
 *(.glue_7)
 .glue_7        0x080066fc        0x0 linker stubs
 *(.gcc*)

.vfp11_veneer   0x080066fc        0x0
 .vfp11_veneer  0x080066fc        0x0 linker stubs

.v4_bx          0x080066fc        0x0
 .v4_bx         0x080066fc        0x0 linker stubs

.iplt           0x080066fc        0x0
 .iplt          0x080066fc        0x0 build/obj/crt0_v7m.o

.rel.dyn        0x080066fc        0x0
 .rel.iplt      0x080066fc        0x0 build/obj/crt0_v7m.o

.ARM.extab
 *(.ARM.extab* .gnu.linkonce.armextab.*)

.ARM.exidx      0x080066fc        0x0
                [!provide]                PROVIDE (__exidx_start, .)
 *(.ARM.exidx* .gnu.linkonce.armexidx.*)
                [!provide]                PROVIDE (__exidx_end, .)

.eh_frame_hdr
 *(.eh_frame_hdr)

.eh_frame
 *(.eh_frame)

.textalign      0x080066fc        0x4
                0x08006700                . = ALIGN (0x8)
 *fill*         0x080066fc        0x4 
                0x08006700                . = ALIGN (0x4)
                0x08006700                _etext = .
                0x08006700                _textdata = _etext

.mstack         0x20000000      0x400
                0x20000000                . = ALIGN (0x8)
                0x20000000                __main_stack_base__ = .
                0x20000400                . = (. + __main_stack_size__)
 *fill*         0x20000000      0x400 
                0x20000400                . = ALIGN (0x8)
                0x20000400                __main_stack_end__ = .

.pstack         0x20000400      0x400
                0x20000400                __process_stack_base__ = .
                0x20000400                __main_thread_stack_base__ = .
                0x20000800                . = (. + __process_stack_size__)
 *fill*         0x20000400      0x400 
                0x20000800                . = ALIGN (0x8)
                0x20000800                __process_stack_end__ = .
                0x20000800                __main_thread_stack_end__ = .

.data           0x20000800       0x2c load address 0x08006700
                0x20000800                . = ALIGN (0x4)
                0x20000800                PROVIDE (_data, .)
 *(.data)
 *(.data.*)
 .data.bus_condvar
                0x20000800        0x8 build/obj/main.o
                0x20000800                bus_condvar
 .data.bus_lock
                0x20000808       0x14 build/obj/main.o
                0x20000808                bus_lock
 .data.ser_cfg.10164
                0x2000081c        0xc build/obj/main.o
 .data.imu_addr
                0x20000828        0x1 build/obj/mpu9250.o
 *(.ramtext)
                0x2000082c                . = ALIGN (0x4)
 *fill*         0x20000829        0x3 
                0x2000082c                PROVIDE (_edata, .)

.igot.plt       0x2000082c        0x0 load address 0x0800672c
 .igot.plt      0x2000082c        0x0 build/obj/crt0_v7m.o

.bss            0x20000830     0x1048 load address 0x0800672c
                0x20000830                . = ALIGN (0x4)
                0x20000830                PROVIDE (_bss_start, .)
 *(.bss)
 *(.bss.*)
 .bss.ch        0x20000830      0x670 build/obj/chschd.o
                0x20000830                ch
 .bss.endmem    0x20000ea0        0x4 build/obj/chmemcore.o
 .bss.nextmem   0x20000ea4        0x4 build/obj/chmemcore.o
 .bss.default_heap
                0x20000ea8       0x28 build/obj/chheap.o
 .bss.dma_isr_redir
                0x20000ed0       0x80 build/obj/stm32_dma.o
 .bss.dma_streams_mask
                0x20000f50        0x4 build/obj/stm32_dma.o
 .bss.I2CD1     0x20000f54       0x3c build/obj/i2c_lld.o
                0x20000f54                I2CD1
 .bss.USBD1     0x20000f90      0x260 build/obj/usb_lld.o
                0x20000f90                USBD1
 .bss.ep0_state
                0x200011f0       0x14 build/obj/usb_lld.o
 .bss.ep0setup_buffer
                0x20001204        0x8 build/obj/usb_lld.o
 .bss.GPTD11    0x2000120c       0x10 build/obj/gpt_lld.o
                0x2000120c                GPTD11
 .bss.SD3       0x2000121c       0x78 build/obj/serial_lld.o
                0x2000121c                SD3
 .bss.errors    0x20001294        0x4 build/obj/i2c_bus.o
 .bss.bus       0x20001298        0xc build/obj/main.o
                0x20001298                bus
 .bss.imuThd    0x200012a4        0x4 build/obj/imu.o
 .bss.imu_configured
                0x200012a8        0x1 build/obj/imu.o
 *fill*         0x200012a9        0x7 
 .bss.imu_reader_thd_wa.10154
                0x200012b0      0x578 build/obj/imu.o
 .bss.imu_values
                0x20001828       0x50 build/obj/imu.o
 *(COMMON)
                0x20001878                . = ALIGN (0x4)
                0x20001878                PROVIDE (_bss_end, .)
                [!provide]                PROVIDE (end, .)

.ram0           0x20001878        0x0 load address 0x0800672c
                0x20001878                . = ALIGN (0x4)
 *(.ram0)
 *(.ram0.*)
                0x20001878                . = ALIGN (0x4)
                0x20001878                __ram0_free__ = .

.ram1           0x20000000        0x0
                0x20000000                . = ALIGN (0x4)
 *(.ram1)
 *(.ram1.*)
                0x20000000                . = ALIGN (0x4)
                0x20000000                __ram1_free__ = .

.ram2           0x2001c000        0x0
                0x2001c000                . = ALIGN (0x4)
 *(.ram2)
 *(.ram2.*)
                0x2001c000                . = ALIGN (0x4)
                0x2001c000                __ram2_free__ = .

.ram3           0x00000000        0x0
                0x00000000                . = ALIGN (0x4)
 *(.ram3)
 *(.ram3.*)
                0x00000000                . = ALIGN (0x4)
                0x00000000                __ram3_free__ = .

.ram4           0x10000000        0x0
                0x10000000                . = ALIGN (0x4)
 *(.ram4)
 *(.ram4.*)
                0x10000000                . = ALIGN (0x4)
                0x10000000                __ram4_free__ = .

.ram5           0x40024000        0x0
                0x40024000                . = ALIGN (0x4)
 *(.ram5)
 *(.ram5.*)
                0x40024000                . = ALIGN (0x4)
                0x40024000                __ram5_free__ = .

.ram6           0x00000000        0x0
                0x00000000                . = ALIGN (0x4)
 *(.ram6)
 *(.ram6.*)
                0x00000000                . = ALIGN (0x4)
                0x00000000                __ram6_free__ = .

.ram7           0x00000000        0x0
                0x00000000                . = ALIGN (0x4)
 *(.ram7)
 *(.ram7.*)
                0x00000000                . = ALIGN (0x4)
                0x00000000                __ram7_free__ = .
                0x20001878                __heap_base__ = __ram0_free__
                0x20020000                __heap_end__ = __ram0_end__
                0x00000400                __process_stack_size__ = 0x400
                0x00000400                __main_stack_size__ = 0x400
START GROUP
LOAD c:/users/eliot/desktop/ba6/eclipse/eclipse_e-puck2/tools/gcc-arm-none-eabi-7-2017-q4-major-win32/bin/../lib/gcc/arm-none-eabi/7.2.1/thumb/v7e-m/fpv4-sp/hard\libgcc.a
LOAD c:/users/eliot/desktop/ba6/eclipse/eclipse_e-puck2/tools/gcc-arm-none-eabi-7-2017-q4-major-win32/bin/../lib/gcc/arm-none-eabi/7.2.1/../../../../arm-none-eabi/lib/thumb/v7e-m/fpv4-sp/hard\libg.a
LOAD c:/users/eliot/desktop/ba6/eclipse/eclipse_e-puck2/tools/gcc-arm-none-eabi-7-2017-q4-major-win32/bin/../lib/gcc/arm-none-eabi/7.2.1/../../../../arm-none-eabi/lib/thumb/v7e-m/fpv4-sp/hard\libc.a
END GROUP
OUTPUT(build/Chibi.elf elf32-littlearm)

.ARM.attributes
                0x00000000       0x35
 .ARM.attributes
                0x00000000       0x25 build/obj/crt0_v7m.o
 .ARM.attributes
                0x00000025       0x25 build/obj/chcoreasm_v7m.o
 .ARM.attributes
                0x0000004a       0x39 build/obj/crt1.o
 .ARM.attributes
                0x00000083       0x39 build/obj/vectors.o
 .ARM.attributes
                0x000000bc       0x39 build/obj/chsys.o
 .ARM.attributes
                0x000000f5       0x39 build/obj/chdebug.o
 .ARM.attributes
                0x0000012e       0x39 build/obj/chvt.o
 .ARM.attributes
                0x00000167       0x39 build/obj/chschd.o
 .ARM.attributes
                0x000001a0       0x39 build/obj/chthreads.o
 .ARM.attributes
                0x000001d9       0x39 build/obj/chtm.o
 .ARM.attributes
                0x00000212       0x39 build/obj/chstats.o
 .ARM.attributes
                0x0000024b       0x39 build/obj/chregistry.o
 .ARM.attributes
                0x00000284       0x39 build/obj/chmtx.o
 .ARM.attributes
                0x000002bd       0x39 build/obj/chcond.o
 .ARM.attributes
                0x000002f6       0x39 build/obj/chevents.o
 .ARM.attributes
                0x0000032f       0x39 build/obj/chqueues.o
 .ARM.attributes
                0x00000368       0x39 build/obj/chmemcore.o
 .ARM.attributes
                0x000003a1       0x39 build/obj/chheap.o
 .ARM.attributes
                0x000003da       0x39 build/obj/chcore_v7m.o
 .ARM.attributes
                0x00000413       0x39 build/obj/hal.o
 .ARM.attributes
                0x0000044c       0x39 build/obj/gpt.o
 .ARM.attributes
                0x00000485       0x39 build/obj/i2c.o
 .ARM.attributes
                0x000004be       0x39 build/obj/serial.o
 .ARM.attributes
                0x000004f7       0x39 build/obj/serial_usb.o
 .ARM.attributes
                0x00000530       0x39 build/obj/st.o
 .ARM.attributes
                0x00000569       0x39 build/obj/usb.o
 .ARM.attributes
                0x000005a2       0x39 build/obj/nvic.o
 .ARM.attributes
                0x000005db       0x39 build/obj/stm32_dma.o
 .ARM.attributes
                0x00000614       0x39 build/obj/hal_lld.o
 .ARM.attributes
                0x0000064d       0x39 build/obj/pal_lld.o
 .ARM.attributes
                0x00000686       0x39 build/obj/i2c_lld.o
 .ARM.attributes
                0x000006bf       0x39 build/obj/usb_lld.o
 .ARM.attributes
                0x000006f8       0x39 build/obj/gpt_lld.o
 .ARM.attributes
                0x00000731       0x39 build/obj/st_lld.o
 .ARM.attributes
                0x0000076a       0x39 build/obj/serial_lld.o
 .ARM.attributes
                0x000007a3       0x39 build/obj/board.o
 .ARM.attributes
                0x000007dc       0x39 build/obj/chprintf.o
 .ARM.attributes
                0x00000815       0x39 build/obj/messagebus.o
 .ARM.attributes
                0x0000084e       0x39 build/obj/port.o
 .ARM.attributes
                0x00000887       0x39 build/obj/i2c_bus.o
 .ARM.attributes
                0x000008c0       0x39 build/obj/main.o
 .ARM.attributes
                0x000008f9       0x39 build/obj/mpu9250.o
 .ARM.attributes
                0x00000932       0x39 build/obj/imu.o
 .ARM.attributes
                0x0000096b       0x22 c:/users/eliot/desktop/ba6/eclipse/eclipse_e-puck2/tools/gcc-arm-none-eabi-7-2017-q4-major-win32/bin/../lib/gcc/arm-none-eabi/7.2.1/thumb/v7e-m/fpv4-sp/hard\libgcc.a(_arm_addsubdf3.o)
 .ARM.attributes
                0x0000098d       0x22 c:/users/eliot/desktop/ba6/eclipse/eclipse_e-puck2/tools/gcc-arm-none-eabi-7-2017-q4-major-win32/bin/../lib/gcc/arm-none-eabi/7.2.1/thumb/v7e-m/fpv4-sp/hard\libgcc.a(_arm_muldivdf3.o)
 .ARM.attributes
                0x000009af       0x22 c:/users/eliot/desktop/ba6/eclipse/eclipse_e-puck2/tools/gcc-arm-none-eabi-7-2017-q4-major-win32/bin/../lib/gcc/arm-none-eabi/7.2.1/thumb/v7e-m/fpv4-sp/hard\libgcc.a(_arm_fixdfsi.o)
 .ARM.attributes
                0x000009d1       0x22 c:/users/eliot/desktop/ba6/eclipse/eclipse_e-puck2/tools/gcc-arm-none-eabi-7-2017-q4-major-win32/bin/../lib/gcc/arm-none-eabi/7.2.1/thumb/v7e-m/fpv4-sp/hard\libgcc.a(_arm_truncdfsf2.o)
 .ARM.attributes
                0x000009f3       0x34 c:/users/eliot/desktop/ba6/eclipse/eclipse_e-puck2/tools/gcc-arm-none-eabi-7-2017-q4-major-win32/bin/../lib/gcc/arm-none-eabi/7.2.1/../../../../arm-none-eabi/lib/thumb/v7e-m/fpv4-sp/hard\libg.a(lib_a-abs.o)
 .ARM.attributes
                0x00000a27       0x20 c:/users/eliot/desktop/ba6/eclipse/eclipse_e-puck2/tools/gcc-arm-none-eabi-7-2017-q4-major-win32/bin/../lib/gcc/arm-none-eabi/7.2.1/../../../../arm-none-eabi/lib/thumb/v7e-m/fpv4-sp/hard\libg.a(lib_a-memcpy.o)
 .ARM.attributes
                0x00000a47       0x34 c:/users/eliot/desktop/ba6/eclipse/eclipse_e-puck2/tools/gcc-arm-none-eabi-7-2017-q4-major-win32/bin/../lib/gcc/arm-none-eabi/7.2.1/../../../../arm-none-eabi/lib/thumb/v7e-m/fpv4-sp/hard\libg.a(lib_a-memset.o)
 .ARM.attributes
                0x00000a7b       0x20 c:/users/eliot/desktop/ba6/eclipse/eclipse_e-puck2/tools/gcc-arm-none-eabi-7-2017-q4-major-win32/bin/../lib/gcc/arm-none-eabi/7.2.1/../../../../arm-none-eabi/lib/thumb/v7e-m/fpv4-sp/hard\libg.a(lib_a-strcmp.o)
 .ARM.attributes
                0x00000a9b       0x34 c:/users/eliot/desktop/ba6/eclipse/eclipse_e-puck2/tools/gcc-arm-none-eabi-7-2017-q4-major-win32/bin/../lib/gcc/arm-none-eabi/7.2.1/../../../../arm-none-eabi/lib/thumb/v7e-m/fpv4-sp/hard\libg.a(lib_a-strncpy.o)

.comment        0x00000000       0x7e
 .comment       0x00000000       0x7e build/obj/crt1.o
                                 0x7f (size before relaxing)
 .comment       0x0000007e       0x7f build/obj/vectors.o
 .comment       0x0000007e       0x7f build/obj/chsys.o
 .comment       0x0000007e       0x7f build/obj/chdebug.o
 .comment       0x0000007e       0x7f build/obj/chvt.o
 .comment       0x0000007e       0x7f build/obj/chschd.o
 .comment       0x0000007e       0x7f build/obj/chthreads.o
 .comment       0x0000007e       0x7f build/obj/chtm.o
 .comment       0x0000007e       0x7f build/obj/chstats.o
 .comment       0x0000007e       0x7f build/obj/chregistry.o
 .comment       0x0000007e       0x7f build/obj/chmtx.o
 .comment       0x0000007e       0x7f build/obj/chcond.o
 .comment       0x0000007e       0x7f build/obj/chevents.o
 .comment       0x0000007e       0x7f build/obj/chqueues.o
 .comment       0x0000007e       0x7f build/obj/chmemcore.o
 .comment       0x0000007e       0x7f build/obj/chheap.o
 .comment       0x0000007e       0x7f build/obj/chcore_v7m.o
 .comment       0x0000007e       0x7f build/obj/hal.o
 .comment       0x0000007e       0x7f build/obj/gpt.o
 .comment       0x0000007e       0x7f build/obj/i2c.o
 .comment       0x0000007e       0x7f build/obj/serial.o
 .comment       0x0000007e       0x7f build/obj/serial_usb.o
 .comment       0x0000007e       0x7f build/obj/st.o
 .comment       0x0000007e       0x7f build/obj/usb.o
 .comment       0x0000007e       0x7f build/obj/nvic.o
 .comment       0x0000007e       0x7f build/obj/stm32_dma.o
 .comment       0x0000007e       0x7f build/obj/hal_lld.o
 .comment       0x0000007e       0x7f build/obj/pal_lld.o
 .comment       0x0000007e       0x7f build/obj/i2c_lld.o
 .comment       0x0000007e       0x7f build/obj/usb_lld.o
 .comment       0x0000007e       0x7f build/obj/gpt_lld.o
 .comment       0x0000007e       0x7f build/obj/st_lld.o
 .comment       0x0000007e       0x7f build/obj/serial_lld.o
 .comment       0x0000007e       0x7f build/obj/board.o
 .comment       0x0000007e       0x7f build/obj/chprintf.o
 .comment       0x0000007e       0x7f build/obj/messagebus.o
 .comment       0x0000007e       0x7f build/obj/port.o
 .comment       0x0000007e       0x7f build/obj/i2c_bus.o
 .comment       0x0000007e       0x7f build/obj/main.o
 .comment       0x0000007e       0x7f build/obj/mpu9250.o
 .comment       0x0000007e       0x7f build/obj/imu.o

.debug_info     0x00000000    0x4e6ad
 .debug_info    0x00000000       0x55 build/obj/crt1.o
 .debug_info    0x00000055      0x20e build/obj/vectors.o
 .debug_info    0x00000263     0x1b48 build/obj/chsys.o
 .debug_info    0x00001dab      0xd49 build/obj/chdebug.o
 .debug_info    0x00002af4      0xb3f build/obj/chvt.o
 .debug_info    0x00003633     0x133e build/obj/chschd.o
 .debug_info    0x00004971     0x2217 build/obj/chthreads.o
 .debug_info    0x00006b88      0xd13 build/obj/chtm.o
 .debug_info    0x0000789b      0xb2a build/obj/chstats.o
 .debug_info    0x000083c5      0xce3 build/obj/chregistry.o
 .debug_info    0x000090a8     0x16cb build/obj/chmtx.o
 .debug_info    0x0000a773     0x14b5 build/obj/chcond.o
 .debug_info    0x0000bc28     0x1cbd build/obj/chevents.o
 .debug_info    0x0000d8e5     0x173d build/obj/chqueues.o
 .debug_info    0x0000f022      0xc97 build/obj/chmemcore.o
 .debug_info    0x0000fcb9      0xdbf build/obj/chheap.o
 .debug_info    0x00010a78      0xf9b build/obj/chcore_v7m.o
 .debug_info    0x00011a13     0x2051 build/obj/hal.o
 .debug_info    0x00013a64     0x2b28 build/obj/gpt.o
 .debug_info    0x0001658c     0x29a1 build/obj/i2c.o
 .debug_info    0x00018f2d     0x2afd build/obj/serial.o
 .debug_info    0x0001ba2a     0x352d build/obj/serial_usb.o
 .debug_info    0x0001ef57     0x218e build/obj/st.o
 .debug_info    0x000210e5     0x3eba build/obj/usb.o
 .debug_info    0x00024f9f     0x232f build/obj/nvic.o
 .debug_info    0x000272ce     0x2a4b build/obj/stm32_dma.o
 .debug_info    0x00029d19     0x2222 build/obj/hal_lld.o
 .debug_info    0x0002bf3b     0x24a0 build/obj/pal_lld.o
 .debug_info    0x0002e3db     0x3570 build/obj/i2c_lld.o
 .debug_info    0x0003194b     0x4979 build/obj/usb_lld.o
 .debug_info    0x000362c4     0x23bd build/obj/gpt_lld.o
 .debug_info    0x00038681     0x2212 build/obj/st_lld.o
 .debug_info    0x0003a893     0x2aaf build/obj/serial_lld.o
 .debug_info    0x0003d342     0x1fc2 build/obj/board.o
 .debug_info    0x0003f304     0x2641 build/obj/chprintf.o
 .debug_info    0x00041945     0x1011 build/obj/messagebus.o
 .debug_info    0x00042956      0xba4 build/obj/port.o
 .debug_info    0x000434fa     0x2561 build/obj/i2c_bus.o
 .debug_info    0x00045a5b     0x31f1 build/obj/main.o
 .debug_info    0x00048c4c     0x26ff build/obj/mpu9250.o
 .debug_info    0x0004b34b     0x3362 build/obj/imu.o

.debug_abbrev   0x00000000     0x870e
 .debug_abbrev  0x00000000       0x5f build/obj/crt1.o
 .debug_abbrev  0x0000005f       0xf1 build/obj/vectors.o
 .debug_abbrev  0x00000150      0x4bd build/obj/chsys.o
 .debug_abbrev  0x0000060d      0x26c build/obj/chdebug.o
 .debug_abbrev  0x00000879      0x231 build/obj/chvt.o
 .debug_abbrev  0x00000aaa      0x3f6 build/obj/chschd.o
 .debug_abbrev  0x00000ea0      0x44b build/obj/chthreads.o
 .debug_abbrev  0x000012eb      0x2af build/obj/chtm.o
 .debug_abbrev  0x0000159a      0x1ec build/obj/chstats.o
 .debug_abbrev  0x00001786      0x2bb build/obj/chregistry.o
 .debug_abbrev  0x00001a41      0x3e1 build/obj/chmtx.o
 .debug_abbrev  0x00001e22      0x38d build/obj/chcond.o
 .debug_abbrev  0x000021af      0x39c build/obj/chevents.o
 .debug_abbrev  0x0000254b      0x3f9 build/obj/chqueues.o
 .debug_abbrev  0x00002944      0x320 build/obj/chmemcore.o
 .debug_abbrev  0x00002c64      0x2ce build/obj/chheap.o
 .debug_abbrev  0x00002f32      0x282 build/obj/chcore_v7m.o
 .debug_abbrev  0x000031b4      0x267 build/obj/hal.o
 .debug_abbrev  0x0000341b      0x36a build/obj/gpt.o
 .debug_abbrev  0x00003785      0x3d9 build/obj/i2c.o
 .debug_abbrev  0x00003b5e      0x414 build/obj/serial.o
 .debug_abbrev  0x00003f72      0x517 build/obj/serial_usb.o
 .debug_abbrev  0x00004489      0x312 build/obj/st.o
 .debug_abbrev  0x0000479b      0x4bf build/obj/usb.o
 .debug_abbrev  0x00004c5a      0x27d build/obj/nvic.o
 .debug_abbrev  0x00004ed7      0x33a build/obj/stm32_dma.o
 .debug_abbrev  0x00005211      0x27f build/obj/hal_lld.o
 .debug_abbrev  0x00005490      0x2d4 build/obj/pal_lld.o
 .debug_abbrev  0x00005764      0x460 build/obj/i2c_lld.o
 .debug_abbrev  0x00005bc4      0x57a build/obj/usb_lld.o
 .debug_abbrev  0x0000613e      0x34f build/obj/gpt_lld.o
 .debug_abbrev  0x0000648d      0x2d9 build/obj/st_lld.o
 .debug_abbrev  0x00006766      0x404 build/obj/serial_lld.o
 .debug_abbrev  0x00006b6a      0x261 build/obj/board.o
 .debug_abbrev  0x00006dcb      0x3e3 build/obj/chprintf.o
 .debug_abbrev  0x000071ae      0x305 build/obj/messagebus.o
 .debug_abbrev  0x000074b3      0x1c8 build/obj/port.o
 .debug_abbrev  0x0000767b      0x362 build/obj/i2c_bus.o
 .debug_abbrev  0x000079dd      0x4aa build/obj/main.o
 .debug_abbrev  0x00007e87      0x38c build/obj/mpu9250.o
 .debug_abbrev  0x00008213      0x4fb build/obj/imu.o

.debug_aranges  0x00000000      0xe38
 .debug_aranges
                0x00000000       0x28 build/obj/crt1.o
 .debug_aranges
                0x00000028       0x20 build/obj/vectors.o
 .debug_aranges
                0x00000048       0x60 build/obj/chsys.o
 .debug_aranges
                0x000000a8       0x80 build/obj/chdebug.o
 .debug_aranges
                0x00000128       0x30 build/obj/chvt.o
 .debug_aranges
                0x00000158       0x70 build/obj/chschd.o
 .debug_aranges
                0x000001c8       0xc8 build/obj/chthreads.o
 .debug_aranges
                0x00000290       0x40 build/obj/chtm.o
 .debug_aranges
                0x000002d0       0x50 build/obj/chstats.o
 .debug_aranges
                0x00000320       0x28 build/obj/chregistry.o
 .debug_aranges
                0x00000348       0x58 build/obj/chmtx.o
 .debug_aranges
                0x000003a0       0x60 build/obj/chcond.o
 .debug_aranges
                0x00000400       0xa0 build/obj/chevents.o
 .debug_aranges
                0x000004a0       0x68 build/obj/chqueues.o
 .debug_aranges
                0x00000508       0x38 build/obj/chmemcore.o
 .debug_aranges
                0x00000540       0x40 build/obj/chheap.o
 .debug_aranges
                0x00000580       0x28 build/obj/chcore_v7m.o
 .debug_aranges
                0x000005a8       0x20 build/obj/hal.o
 .debug_aranges
                0x000005c8       0x78 build/obj/gpt.o
 .debug_aranges
                0x00000640       0x60 build/obj/i2c.o
 .debug_aranges
                0x000006a0       0x88 build/obj/serial.o
 .debug_aranges
                0x00000728       0xb0 build/obj/serial_usb.o
 .debug_aranges
                0x000007d8       0x40 build/obj/st.o
 .debug_aranges
                0x00000818       0xa8 build/obj/usb.o
 .debug_aranges
                0x000008c0       0x38 build/obj/nvic.o
 .debug_aranges
                0x000008f8       0xb0 build/obj/stm32_dma.o
 .debug_aranges
                0x000009a8       0x28 build/obj/hal_lld.o
 .debug_aranges
                0x000009d0       0x28 build/obj/pal_lld.o
 .debug_aranges
                0x000009f8       0x60 build/obj/i2c_lld.o
 .debug_aranges
                0x00000a58       0xd0 build/obj/usb_lld.o
 .debug_aranges
                0x00000b28       0x50 build/obj/gpt_lld.o
 .debug_aranges
                0x00000b78       0x28 build/obj/st_lld.o
 .debug_aranges
                0x00000ba0       0x40 build/obj/serial_lld.o
 .debug_aranges
                0x00000be0       0x28 build/obj/board.o
 .debug_aranges
                0x00000c08       0x28 build/obj/chprintf.o
 .debug_aranges
                0x00000c30       0x70 build/obj/messagebus.o
 .debug_aranges
                0x00000ca0       0x38 build/obj/port.o
 .debug_aranges
                0x00000cd8       0x48 build/obj/i2c_bus.o
 .debug_aranges
                0x00000d20       0x38 build/obj/main.o
 .debug_aranges
                0x00000d58       0x48 build/obj/mpu9250.o
 .debug_aranges
                0x00000da0       0x98 build/obj/imu.o

.debug_ranges   0x00000000     0x2c10
 .debug_ranges  0x00000000       0x18 build/obj/crt1.o
 .debug_ranges  0x00000018       0x10 build/obj/vectors.o
 .debug_ranges  0x00000028      0x170 build/obj/chsys.o
 .debug_ranges  0x00000198       0x70 build/obj/chdebug.o
 .debug_ranges  0x00000208       0x20 build/obj/chvt.o
 .debug_ranges  0x00000228      0x178 build/obj/chschd.o
 .debug_ranges  0x000003a0      0x4f8 build/obj/chthreads.o
 .debug_ranges  0x00000898       0xc0 build/obj/chtm.o
 .debug_ranges  0x00000958       0x40 build/obj/chstats.o
 .debug_ranges  0x00000998       0xb0 build/obj/chregistry.o
 .debug_ranges  0x00000a48      0x330 build/obj/chmtx.o
 .debug_ranges  0x00000d78      0x248 build/obj/chcond.o
 .debug_ranges  0x00000fc0      0x348 build/obj/chevents.o
 .debug_ranges  0x00001308      0x1b0 build/obj/chqueues.o
 .debug_ranges  0x000014b8       0x58 build/obj/chmemcore.o
 .debug_ranges  0x00001510       0x30 build/obj/chheap.o
 .debug_ranges  0x00001540       0x48 build/obj/chcore_v7m.o
 .debug_ranges  0x00001588       0x10 build/obj/hal.o
 .debug_ranges  0x00001598      0x1b8 build/obj/gpt.o
 .debug_ranges  0x00001750      0x148 build/obj/i2c.o
 .debug_ranges  0x00001898       0xf0 build/obj/serial.o
 .debug_ranges  0x00001988      0x130 build/obj/serial_usb.o
 .debug_ranges  0x00001ab8       0x60 build/obj/st.o
 .debug_ranges  0x00001b18      0x1c8 build/obj/usb.o
 .debug_ranges  0x00001ce0       0x28 build/obj/nvic.o
 .debug_ranges  0x00001d08       0xa0 build/obj/stm32_dma.o
 .debug_ranges  0x00001da8       0x38 build/obj/hal_lld.o
 .debug_ranges  0x00001de0       0x70 build/obj/pal_lld.o
 .debug_ranges  0x00001e50      0x268 build/obj/i2c_lld.o
 .debug_ranges  0x000020b8      0x3e8 build/obj/usb_lld.o
 .debug_ranges  0x000024a0       0x40 build/obj/gpt_lld.o
 .debug_ranges  0x000024e0       0x18 build/obj/st_lld.o
 .debug_ranges  0x000024f8      0x100 build/obj/serial_lld.o
 .debug_ranges  0x000025f8       0x18 build/obj/board.o
 .debug_ranges  0x00002610       0x88 build/obj/chprintf.o
 .debug_ranges  0x00002698       0x60 build/obj/messagebus.o
 .debug_ranges  0x000026f8       0x28 build/obj/port.o
 .debug_ranges  0x00002720       0xb0 build/obj/i2c_bus.o
 .debug_ranges  0x000027d0       0x80 build/obj/main.o
 .debug_ranges  0x00002850      0x240 build/obj/mpu9250.o
 .debug_ranges  0x00002a90      0x180 build/obj/imu.o

.debug_line     0x00000000    0x1013b
 .debug_line    0x00000000       0x7e build/obj/crt1.o
 .debug_line    0x0000007e      0x1fa build/obj/vectors.o
 .debug_line    0x00000278      0x5a3 build/obj/chsys.o
 .debug_line    0x0000081b      0x486 build/obj/chdebug.o
 .debug_line    0x00000ca1      0x36b build/obj/chvt.o
 .debug_line    0x0000100c      0x660 build/obj/chschd.o
 .debug_line    0x0000166c      0x98b build/obj/chthreads.o
 .debug_line    0x00001ff7      0x3be build/obj/chtm.o
 .debug_line    0x000023b5      0x35a build/obj/chstats.o
 .debug_line    0x0000270f      0x44b build/obj/chregistry.o
 .debug_line    0x00002b5a      0x739 build/obj/chmtx.o
 .debug_line    0x00003293      0x601 build/obj/chcond.o
 .debug_line    0x00003894      0x7d3 build/obj/chevents.o
 .debug_line    0x00004067      0x66c build/obj/chqueues.o
 .debug_line    0x000046d3      0x418 build/obj/chmemcore.o
 .debug_line    0x00004aeb      0x486 build/obj/chheap.o
 .debug_line    0x00004f71      0x35b build/obj/chcore_v7m.o
 .debug_line    0x000052cc      0x5f3 build/obj/hal.o
 .debug_line    0x000058bf      0x87b build/obj/gpt.o
 .debug_line    0x0000613a      0x857 build/obj/i2c.o
 .debug_line    0x00006991      0x79a build/obj/serial.o
 .debug_line    0x0000712b      0x948 build/obj/serial_usb.o
 .debug_line    0x00007a73      0x650 build/obj/st.o
 .debug_line    0x000080c3      0xab3 build/obj/usb.o
 .debug_line    0x00008b76      0x5e2 build/obj/nvic.o
 .debug_line    0x00009158      0x7fc build/obj/stm32_dma.o
 .debug_line    0x00009954      0x5e7 build/obj/hal_lld.o
 .debug_line    0x00009f3b      0x5f4 build/obj/pal_lld.o
 .debug_line    0x0000a52f      0x9fa build/obj/i2c_lld.o
 .debug_line    0x0000af29      0xc96 build/obj/usb_lld.o
 .debug_line    0x0000bbbf      0x67f build/obj/gpt_lld.o
 .debug_line    0x0000c23e      0x61c build/obj/st_lld.o
 .debug_line    0x0000c85a      0x75e build/obj/serial_lld.o
 .debug_line    0x0000cfb8      0x589 build/obj/board.o
 .debug_line    0x0000d541      0x741 build/obj/chprintf.o
 .debug_line    0x0000dc82      0x360 build/obj/messagebus.o
 .debug_line    0x0000dfe2      0x339 build/obj/port.o
 .debug_line    0x0000e31b      0x63d build/obj/i2c_bus.o
 .debug_line    0x0000e958      0x7ec build/obj/main.o
 .debug_line    0x0000f144      0x735 build/obj/mpu9250.o
 .debug_line    0x0000f879      0x8c2 build/obj/imu.o

.debug_str      0x00000000     0x491e
 .debug_str     0x00000000      0x1cc build/obj/crt1.o
 .debug_str     0x000001cc      0x1ef build/obj/vectors.o
                                0x3a2 (size before relaxing)
 .debug_str     0x000003bb     0x1014 build/obj/chsys.o
                               0x12cf (size before relaxing)
 .debug_str     0x000013cf       0xa5 build/obj/chdebug.o
                                0x949 (size before relaxing)
 .debug_str     0x00001474       0x42 build/obj/chvt.o
                                0x83a (size before relaxing)
 .debug_str     0x000014b6      0x162 build/obj/chschd.o
                                0xa91 (size before relaxing)
 .debug_str     0x00001618      0x251 build/obj/chthreads.o
                                0xbd2 (size before relaxing)
 .debug_str     0x00001869       0x62 build/obj/chtm.o
                                0x91f (size before relaxing)
 .debug_str     0x000018cb       0x3a build/obj/chstats.o
                                0x8db (size before relaxing)
 .debug_str     0x00001905       0x4a build/obj/chregistry.o
                                0x8cd (size before relaxing)
 .debug_str     0x0000194f       0xb2 build/obj/chmtx.o
                                0x9b2 (size before relaxing)
 .debug_str     0x00001a01       0xf1 build/obj/chcond.o
                                0xa3e (size before relaxing)
 .debug_str     0x00001af2      0x1f9 build/obj/chevents.o
                                0xad2 (size before relaxing)
 .debug_str     0x00001ceb      0x17b build/obj/chqueues.o
                                0xa5d (size before relaxing)
 .debug_str     0x00001e66       0x7c build/obj/chmemcore.o
                                0x913 (size before relaxing)
 .debug_str     0x00001ee2       0xbe build/obj/chheap.o
                                0x8dd (size before relaxing)
 .debug_str     0x00001fa0       0xca build/obj/chcore_v7m.o
                                0x964 (size before relaxing)
 .debug_str     0x0000206a      0xa4b build/obj/hal.o
                               0x1380 (size before relaxing)
 .debug_str     0x00002ab5      0x15b build/obj/gpt.o
                               0x151d (size before relaxing)
 .debug_str     0x00002c10      0x14a build/obj/i2c.o
                               0x1543 (size before relaxing)
 .debug_str     0x00002d5a       0xf2 build/obj/serial.o
                               0x1599 (size before relaxing)
 .debug_str     0x00002e4c      0x203 build/obj/serial_usb.o
                               0x17a8 (size before relaxing)
 .debug_str     0x0000304f       0xc3 build/obj/st.o
                               0x13db (size before relaxing)
 .debug_str     0x00003112      0x653 build/obj/usb.o
                               0x1bb1 (size before relaxing)
 .debug_str     0x00003765       0x85 build/obj/nvic.o
                               0x1455 (size before relaxing)
 .debug_str     0x000037ea      0x233 build/obj/stm32_dma.o
                               0x1b01 (size before relaxing)
 .debug_str     0x00003a1d       0x94 build/obj/hal_lld.o
                               0x14a3 (size before relaxing)
 .debug_str     0x00003ab1       0xd5 build/obj/pal_lld.o
                               0x14dd (size before relaxing)
 .debug_str     0x00003b86      0x17b build/obj/i2c_lld.o
                               0x1dae (size before relaxing)
 .debug_str     0x00003d01      0x23b build/obj/usb_lld.o
                               0x1eac (size before relaxing)
 .debug_str     0x00003f3c       0x5a build/obj/gpt_lld.o
                               0x155f (size before relaxing)
 .debug_str     0x00003f96       0x74 build/obj/st_lld.o
                               0x150c (size before relaxing)
 .debug_str     0x0000400a       0x71 build/obj/serial_lld.o
                               0x16b6 (size before relaxing)
 .debug_str     0x0000407b       0x17 build/obj/board.o
                               0x1338 (size before relaxing)
 .debug_str     0x00004092      0x146 build/obj/chprintf.o
                               0x1462 (size before relaxing)
 .debug_str     0x000041d8      0x2dc build/obj/messagebus.o
                                0x910 (size before relaxing)
 .debug_str     0x000044b4       0x39 build/obj/port.o
                                0x8f6 (size before relaxing)
 .debug_str     0x000044ed       0x64 build/obj/i2c_bus.o
                               0x1435 (size before relaxing)
 .debug_str     0x00004551      0x185 build/obj/main.o
                               0x1bea (size before relaxing)
 .debug_str     0x000046d6       0x97 build/obj/mpu9250.o
                               0x13f0 (size before relaxing)
 .debug_str     0x0000476d      0x1b1 build/obj/imu.o
                               0x1cc2 (size before relaxing)

.debug_frame    0x00000000     0x2e24
 .debug_frame   0x00000000       0x40 build/obj/crt1.o
 .debug_frame   0x00000040       0x2c build/obj/vectors.o
 .debug_frame   0x0000006c      0x114 build/obj/chsys.o
 .debug_frame   0x00000180      0x138 build/obj/chdebug.o
 .debug_frame   0x000002b8       0x68 build/obj/chvt.o
 .debug_frame   0x00000320      0x194 build/obj/chschd.o
 .debug_frame   0x000004b4      0x330 build/obj/chthreads.o
 .debug_frame   0x000007e4       0xc8 build/obj/chtm.o
 .debug_frame   0x000008ac       0x9c build/obj/chstats.o
 .debug_frame   0x00000948       0x50 build/obj/chregistry.o
 .debug_frame   0x00000998      0x148 build/obj/chmtx.o
 .debug_frame   0x00000ae0      0x134 build/obj/chcond.o
 .debug_frame   0x00000c14      0x268 build/obj/chevents.o
 .debug_frame   0x00000e7c      0x188 build/obj/chqueues.o
 .debug_frame   0x00001004       0x6c build/obj/chmemcore.o
 .debug_frame   0x00001070       0xf0 build/obj/chheap.o
 .debug_frame   0x00001160       0x58 build/obj/chcore_v7m.o
 .debug_frame   0x000011b8       0x30 build/obj/hal.o
 .debug_frame   0x000011e8      0x18c build/obj/gpt.o
 .debug_frame   0x00001374      0x144 build/obj/i2c.o
 .debug_frame   0x000014b8      0x154 build/obj/serial.o
 .debug_frame   0x0000160c      0x1f8 build/obj/serial_usb.o
 .debug_frame   0x00001804       0x84 build/obj/st.o
 .debug_frame   0x00001888      0x238 build/obj/usb.o
 .debug_frame   0x00001ac0       0x78 build/obj/nvic.o
 .debug_frame   0x00001b38      0x280 build/obj/stm32_dma.o
 .debug_frame   0x00001db8       0x3c build/obj/hal_lld.o
 .debug_frame   0x00001df4       0x68 build/obj/pal_lld.o
 .debug_frame   0x00001e5c      0x1e4 build/obj/i2c_lld.o
 .debug_frame   0x00002040      0x2f0 build/obj/usb_lld.o
 .debug_frame   0x00002330       0xac build/obj/gpt_lld.o
 .debug_frame   0x000023dc       0x40 build/obj/st_lld.o
 .debug_frame   0x0000241c       0xc8 build/obj/serial_lld.o
 .debug_frame   0x000024e4       0x30 build/obj/board.o
 .debug_frame   0x00002514       0xb0 build/obj/chprintf.o
 .debug_frame   0x000025c4      0x184 build/obj/messagebus.o
 .debug_frame   0x00002748       0x50 build/obj/port.o
 .debug_frame   0x00002798       0xf0 build/obj/i2c_bus.o
 .debug_frame   0x00002888       0xe8 build/obj/main.o
 .debug_frame   0x00002970       0xe4 build/obj/mpu9250.o
 .debug_frame   0x00002a54      0x198 build/obj/imu.o
 .debug_frame   0x00002bec       0xac c:/users/eliot/desktop/ba6/eclipse/eclipse_e-puck2/tools/gcc-arm-none-eabi-7-2017-q4-major-win32/bin/../lib/gcc/arm-none-eabi/7.2.1/thumb/v7e-m/fpv4-sp/hard\libgcc.a(_arm_addsubdf3.o)
 .debug_frame   0x00002c98       0x50 c:/users/eliot/desktop/ba6/eclipse/eclipse_e-puck2/tools/gcc-arm-none-eabi-7-2017-q4-major-win32/bin/../lib/gcc/arm-none-eabi/7.2.1/thumb/v7e-m/fpv4-sp/hard\libgcc.a(_arm_muldivdf3.o)
 .debug_frame   0x00002ce8       0x24 c:/users/eliot/desktop/ba6/eclipse/eclipse_e-puck2/tools/gcc-arm-none-eabi-7-2017-q4-major-win32/bin/../lib/gcc/arm-none-eabi/7.2.1/thumb/v7e-m/fpv4-sp/hard\libgcc.a(_arm_fixdfsi.o)
 .debug_frame   0x00002d0c       0x24 c:/users/eliot/desktop/ba6/eclipse/eclipse_e-puck2/tools/gcc-arm-none-eabi-7-2017-q4-major-win32/bin/../lib/gcc/arm-none-eabi/7.2.1/thumb/v7e-m/fpv4-sp/hard\libgcc.a(_arm_truncdfsf2.o)
 .debug_frame   0x00002d30       0x20 c:/users/eliot/desktop/ba6/eclipse/eclipse_e-puck2/tools/gcc-arm-none-eabi-7-2017-q4-major-win32/bin/../lib/gcc/arm-none-eabi/7.2.1/../../../../arm-none-eabi/lib/thumb/v7e-m/fpv4-sp/hard\libg.a(lib_a-abs.o)
 .debug_frame   0x00002d50       0x38 c:/users/eliot/desktop/ba6/eclipse/eclipse_e-puck2/tools/gcc-arm-none-eabi-7-2017-q4-major-win32/bin/../lib/gcc/arm-none-eabi/7.2.1/../../../../arm-none-eabi/lib/thumb/v7e-m/fpv4-sp/hard\libg.a(lib_a-memset.o)
 .debug_frame   0x00002d88       0x68 c:/users/eliot/desktop/ba6/eclipse/eclipse_e-puck2/tools/gcc-arm-none-eabi-7-2017-q4-major-win32/bin/../lib/gcc/arm-none-eabi/7.2.1/../../../../arm-none-eabi/lib/thumb/v7e-m/fpv4-sp/hard\libg.a(lib_a-strcmp.o)
 .debug_frame   0x00002df0       0x34 c:/users/eliot/desktop/ba6/eclipse/eclipse_e-puck2/tools/gcc-arm-none-eabi-7-2017-q4-major-win32/bin/../lib/gcc/arm-none-eabi/7.2.1/../../../../arm-none-eabi/lib/thumb/v7e-m/fpv4-sp/hard\libg.a(lib_a-strncpy.o)

.debug_loc      0x00000000     0xac73
 .debug_loc     0x00000000      0x32f build/obj/chsys.o
 .debug_loc     0x0000032f       0x52 build/obj/chdebug.o
 .debug_loc     0x00000381       0xe0 build/obj/chvt.o
 .debug_loc     0x00000461      0x384 build/obj/chschd.o
 .debug_loc     0x000007e5      0xcd8 build/obj/chthreads.o